###############################################################################
#
# IAR ELF Linker V8.50.4.261/W32 for ARM                  23/Jun/2020  12:07:46
# Copyright 2007-2020 IAR Systems AB.
#
#    Output file  =  H:\arm_yj\USART_EX\EWARM\USART_EX\Exe\USART_EX.out
#    Map file     =  H:\arm_yj\USART_EX\EWARM\USART_EX\List\USART_EX.map
#    Command line =
#        -f C:\Users\PKNU\AppData\Local\Temp\EW74E2.tmp
#        (H:\arm_yj\USART_EX\EWARM\USART_EX\Obj\gpio.o
#        H:\arm_yj\USART_EX\EWARM\USART_EX\Obj\main.o
#        H:\arm_yj\USART_EX\EWARM\USART_EX\Obj\startup_stm32f405xx.o
#        H:\arm_yj\USART_EX\EWARM\USART_EX\Obj\stm32f4xx_hal.o
#        H:\arm_yj\USART_EX\EWARM\USART_EX\Obj\stm32f4xx_hal_cortex.o
#        H:\arm_yj\USART_EX\EWARM\USART_EX\Obj\stm32f4xx_hal_dma.o
#        H:\arm_yj\USART_EX\EWARM\USART_EX\Obj\stm32f4xx_hal_dma_ex.o
#        H:\arm_yj\USART_EX\EWARM\USART_EX\Obj\stm32f4xx_hal_exti.o
#        H:\arm_yj\USART_EX\EWARM\USART_EX\Obj\stm32f4xx_hal_flash.o
#        H:\arm_yj\USART_EX\EWARM\USART_EX\Obj\stm32f4xx_hal_flash_ex.o
#        H:\arm_yj\USART_EX\EWARM\USART_EX\Obj\stm32f4xx_hal_flash_ramfunc.o
#        H:\arm_yj\USART_EX\EWARM\USART_EX\Obj\stm32f4xx_hal_gpio.o
#        H:\arm_yj\USART_EX\EWARM\USART_EX\Obj\stm32f4xx_hal_msp.o
#        H:\arm_yj\USART_EX\EWARM\USART_EX\Obj\stm32f4xx_hal_pwr.o
#        H:\arm_yj\USART_EX\EWARM\USART_EX\Obj\stm32f4xx_hal_pwr_ex.o
#        H:\arm_yj\USART_EX\EWARM\USART_EX\Obj\stm32f4xx_hal_rcc.o
#        H:\arm_yj\USART_EX\EWARM\USART_EX\Obj\stm32f4xx_hal_rcc_ex.o
#        H:\arm_yj\USART_EX\EWARM\USART_EX\Obj\stm32f4xx_hal_tim.o
#        H:\arm_yj\USART_EX\EWARM\USART_EX\Obj\stm32f4xx_hal_tim_ex.o
#        H:\arm_yj\USART_EX\EWARM\USART_EX\Obj\stm32f4xx_hal_uart.o
#        H:\arm_yj\USART_EX\EWARM\USART_EX\Obj\stm32f4xx_it.o
#        H:\arm_yj\USART_EX\EWARM\USART_EX\Obj\system_stm32f4xx.o
#        H:\arm_yj\USART_EX\EWARM\USART_EX\Obj\usart.o --redirect
#        _Printf=_PrintfFull --redirect _Scanf=_ScanfFull --no_out_extension -o
#        H:\arm_yj\USART_EX\EWARM\USART_EX\Exe\USART_EX.out --map
#        H:\arm_yj\USART_EX\EWARM\USART_EX\List\USART_EX.map --config
#        H:\arm_yj\USART_EX\EWARM/stm32f405xx_flash.icf --semihosting --entry
#        __iar_program_start --vfe --text_out locale)
#
###############################################################################

*******************************************************************************
*** RUNTIME MODEL ATTRIBUTES
***

CppFlavor       = *
__SystemLibrary = DLib
__dlib_version  = 6


*******************************************************************************
*** HEAP SELECTION
***

The basic heap was selected because no calls to memory allocation
functions were found in the application outside of system library
functions, and there are calls to deallocation functions in the
application.


*******************************************************************************
*** PLACEMENT SUMMARY
***

"A0":  place at address 0x800'0000 { ro section .intvec };
"P1":  place in [from 0x800'0000 to 0x80f'ffff] { ro };
define block CSTACK with size = 1K, alignment = 8 { };
define block HEAP with size = 512, alignment = 8 { };
"P2":  place in [from 0x2000'0000 to 0x2001'ffff] {
          rw, block CSTACK, block HEAP };
initialize by copy { rw };

  Section            Kind         Address    Size  Object
  -------            ----         -------    ----  ------
"A0":                                       0x188
  .intvec            ro code   0x800'0000   0x188  startup_stm32f405xx.o [1]
                             - 0x800'0188   0x188

"P1":                                      0x1399
  .text              ro code   0x800'0188   0x3d4  stm32f4xx_hal_uart.o [1]
  .text              ro code   0x800'055c    0xb4  usart.o [1]
  .text              ro code   0x800'0610    0x24  stm32f4xx_hal_dma.o [1]
  .text              ro code   0x800'0634     0x2  stm32f4xx_hal_uart.o [1]
  .text              ro code   0x800'0636     0x2  stm32f4xx_hal_uart.o [1]
  .text              ro code   0x800'0638   0x1a8  main.o [1]
  .text              ro code   0x800'07e0   0x1ac  stm32f4xx_hal_rcc.o [1]
  .text              ro code   0x800'098c   0x106  I64DivMod_small.o [4]
  .text              ro code   0x800'0a92    0x14  memset.o [4]
  .text              ro code   0x800'0aa8   0x1e4  stm32f4xx_hal_gpio.o [1]
  .text              ro code   0x800'0c8c    0xc4  stm32f4xx_hal_cortex.o [1]
  .text              ro code   0x800'0d50    0x34  stm32f4xx_hal.o [1]
  .text              ro code   0x800'0d84    0x80  gpio.o [1]
  .text              ro code   0x800'0e04    0x18  ABImemcpy_small.o [4]
  .text              ro code   0x800'0e1c    0x28  stm32f4xx_hal.o [1]
  .text              ro code   0x800'0e44   0x310  stm32f4xx_hal_rcc.o [1]
  .text              ro code   0x800'1154     0xc  stm32f4xx_hal.o [1]
  .text              ro code   0x800'1160    0x40  stm32f4xx_hal.o [1]
  .text              ro code   0x800'11a0     0x2  I64DivZer.o [4]
  .text              ro code   0x800'11a4    0x66  ABImemset.o [4]
  .text              ro code   0x800'120c    0x38  stm32f4xx_hal_msp.o [1]
  .rodata            const     0x800'1244    0x40  main.o [1]
  .text              ro code   0x800'1284    0x38  packbits_init_single.o [4]
  .text              ro code   0x800'12bc    0x2c  system_stm32f4xx.o [1]
  .text              ro code   0x800'12e8    0x28  data_init.o [4]
  .text              ro code   0x800'1310    0x22  fpinit_M.o [3]
  .iar.init_table    const     0x800'1334    0x10  - Linker created -
  .text              ro code   0x800'1344    0x20  stm32f4xx_it.o [1]
  .text              ro code   0x800'1364    0x10  stm32f4xx_hal.o [1]
  .text              ro code   0x800'1374    0x1e  cmain.o [4]
  .text              ro code   0x800'1392     0x4  low_level_init.o [2]
  .text              ro code   0x800'1396     0x4  exit.o [2]
  .text              ro code   0x800'139c     0xa  cexit.o [4]
  .text              ro code   0x800'13a8    0x14  exit.o [5]
  .text              ro code   0x800'13bc    0x10  startup_stm32f405xx.o [1]
  .text              ro code   0x800'13cc     0xc  cstartup_M.o [4]
  .rodata            const     0x800'13d8     0x8  system_stm32f4xx.o [1]
  .text              ro code   0x800'13e0     0x4  startup_stm32f405xx.o [1]
  .text              ro code   0x800'13e4     0x4  startup_stm32f405xx.o [1]
  .text              ro code   0x800'13e8     0x4  startup_stm32f405xx.o [1]
  .text              ro code   0x800'13ec     0x4  startup_stm32f405xx.o [1]
  .text              ro code   0x800'13f0     0x4  startup_stm32f405xx.o [1]
  .text              ro code   0x800'13f4     0x4  startup_stm32f405xx.o [1]
  .text              ro code   0x800'13f8     0x4  startup_stm32f405xx.o [1]
  .text              ro code   0x800'13fc     0x4  startup_stm32f405xx.o [1]
  .text              ro code   0x800'1400     0x4  startup_stm32f405xx.o [1]
  .text              ro code   0x800'1404     0x4  startup_stm32f405xx.o [1]
  .text              ro code   0x800'1408     0x4  startup_stm32f405xx.o [1]
  .text              ro code   0x800'140c     0x4  startup_stm32f405xx.o [1]
  .text              ro code   0x800'1410     0x4  startup_stm32f405xx.o [1]
  .text              ro code   0x800'1414     0x4  startup_stm32f405xx.o [1]
  .text              ro code   0x800'1418     0x4  startup_stm32f405xx.o [1]
  .text              ro code   0x800'141c     0x4  startup_stm32f405xx.o [1]
  .text              ro code   0x800'1420     0x4  startup_stm32f405xx.o [1]
  .text              ro code   0x800'1424     0x4  startup_stm32f405xx.o [1]
  .text              ro code   0x800'1428     0x4  startup_stm32f405xx.o [1]
  .text              ro code   0x800'142c     0x4  startup_stm32f405xx.o [1]
  .text              ro code   0x800'1430     0x4  startup_stm32f405xx.o [1]
  .text              ro code   0x800'1434     0x4  startup_stm32f405xx.o [1]
  .text              ro code   0x800'1438     0x4  startup_stm32f405xx.o [1]
  .text              ro code   0x800'143c     0x4  startup_stm32f405xx.o [1]
  .text              ro code   0x800'1440     0x4  startup_stm32f405xx.o [1]
  .text              ro code   0x800'1444     0x4  startup_stm32f405xx.o [1]
  .text              ro code   0x800'1448     0x4  startup_stm32f405xx.o [1]
  .text              ro code   0x800'144c     0x4  startup_stm32f405xx.o [1]
  .text              ro code   0x800'1450     0x4  startup_stm32f405xx.o [1]
  .text              ro code   0x800'1454     0x4  startup_stm32f405xx.o [1]
  .text              ro code   0x800'1458     0x4  startup_stm32f405xx.o [1]
  .text              ro code   0x800'145c     0x4  startup_stm32f405xx.o [1]
  .text              ro code   0x800'1460     0x4  startup_stm32f405xx.o [1]
  .text              ro code   0x800'1464     0x4  startup_stm32f405xx.o [1]
  .text              ro code   0x800'1468     0x4  startup_stm32f405xx.o [1]
  .text              ro code   0x800'146c     0x4  startup_stm32f405xx.o [1]
  .text              ro code   0x800'1470     0x4  startup_stm32f405xx.o [1]
  .text              ro code   0x800'1474     0x4  startup_stm32f405xx.o [1]
  .text              ro code   0x800'1478     0x4  startup_stm32f405xx.o [1]
  .text              ro code   0x800'147c     0x4  startup_stm32f405xx.o [1]
  .text              ro code   0x800'1480     0x4  startup_stm32f405xx.o [1]
  .text              ro code   0x800'1484     0x4  startup_stm32f405xx.o [1]
  .text              ro code   0x800'1488     0x4  startup_stm32f405xx.o [1]
  .text              ro code   0x800'148c     0x4  startup_stm32f405xx.o [1]
  .text              ro code   0x800'1490     0x4  startup_stm32f405xx.o [1]
  .text              ro code   0x800'1494     0x4  startup_stm32f405xx.o [1]
  .text              ro code   0x800'1498     0x4  startup_stm32f405xx.o [1]
  .text              ro code   0x800'149c     0x4  startup_stm32f405xx.o [1]
  .text              ro code   0x800'14a0     0x4  startup_stm32f405xx.o [1]
  .text              ro code   0x800'14a4     0x4  startup_stm32f405xx.o [1]
  .text              ro code   0x800'14a8     0x4  startup_stm32f405xx.o [1]
  .text              ro code   0x800'14ac     0x4  startup_stm32f405xx.o [1]
  .text              ro code   0x800'14b0     0x4  startup_stm32f405xx.o [1]
  .text              ro code   0x800'14b4     0x4  startup_stm32f405xx.o [1]
  .text              ro code   0x800'14b8     0x4  startup_stm32f405xx.o [1]
  .text              ro code   0x800'14bc     0x4  startup_stm32f405xx.o [1]
  .text              ro code   0x800'14c0     0x4  startup_stm32f405xx.o [1]
  .text              ro code   0x800'14c4     0x4  startup_stm32f405xx.o [1]
  .text              ro code   0x800'14c8     0x4  startup_stm32f405xx.o [1]
  .text              ro code   0x800'14cc     0x4  startup_stm32f405xx.o [1]
  .text              ro code   0x800'14d0     0x4  startup_stm32f405xx.o [1]
  .text              ro code   0x800'14d4     0x4  startup_stm32f405xx.o [1]
  .text              ro code   0x800'14d8     0x4  startup_stm32f405xx.o [1]
  .text              ro code   0x800'14dc     0x4  startup_stm32f405xx.o [1]
  .text              ro code   0x800'14e0     0x4  startup_stm32f405xx.o [1]
  .text              ro code   0x800'14e4     0x4  startup_stm32f405xx.o [1]
  .text              ro code   0x800'14e8     0x4  startup_stm32f405xx.o [1]
  .text              ro code   0x800'14ec     0x4  startup_stm32f405xx.o [1]
  .text              ro code   0x800'14f0     0x4  startup_stm32f405xx.o [1]
  .text              ro code   0x800'14f4     0x4  startup_stm32f405xx.o [1]
  .text              ro code   0x800'14f8     0x4  startup_stm32f405xx.o [1]
  .text              ro code   0x800'14fc     0x4  startup_stm32f405xx.o [1]
  .text              ro code   0x800'1500     0x4  startup_stm32f405xx.o [1]
  .text              ro code   0x800'1504     0x4  startup_stm32f405xx.o [1]
  .text              ro code   0x800'1508     0x4  startup_stm32f405xx.o [1]
  .text              ro code   0x800'150c     0x4  startup_stm32f405xx.o [1]
  .text              ro code   0x800'1510     0x4  startup_stm32f405xx.o [1]
  .rodata            const     0x800'1514     0x0  packbits_init_single.o [4]
  Initializer bytes  const     0x800'1514     0xd  <for P2-1>
                             - 0x800'1521  0x1399

"P2", part 1 of 2:                           0x53
  P2-1                        0x2000'0000    0x53  <Init block>
    .data            inited   0x2000'0000     0xc  stm32f4xx_hal.o [1]
    .data            inited   0x2000'000c     0x4  system_stm32f4xx.o [1]
    .bss             inited   0x2000'0010    0x40  usart.o [1]
    .bss             inited   0x2000'0050     0x3  main.o [1]
                            - 0x2000'0053    0x53

"P2", part 2 of 2:                          0x400
  CSTACK                      0x2000'0058   0x400  <Block>
    CSTACK           uninit   0x2000'0058   0x400  <Block tail>
                            - 0x2000'0458   0x400

Unused ranges:

         From           To      Size
         ----           --      ----
   0x800'1521   0x80f'ffff  0xf'eadf
  0x2000'0053  0x2000'0057       0x5
  0x2000'0458  0x2001'ffff  0x1'fba8


*******************************************************************************
*** INIT TABLE
***

          Address      Size
          -------      ----
Copy/packbits (__iar_packbits_init_single3)
    1 source range, total size 0xd (15% of destination):
           0x800'1514   0xd
    1 destination range, total size 0x53:
          0x2000'0000  0x53



*******************************************************************************
*** MODULE SUMMARY
***

    Module                  ro code  ro data  rw data
    ------                  -------  -------  -------
command line/config:
    -------------------------------------------------
    Total:

H:\arm_yj\USART_EX\EWARM\USART_EX\Obj: [1]
    gpio.o                      128
    main.o                      424       65        3
    startup_stm32f405xx.o       716
    stm32f4xx_hal.o             184        1       12
    stm32f4xx_hal_cortex.o      196
    stm32f4xx_hal_dma.o          36
    stm32f4xx_hal_gpio.o        484
    stm32f4xx_hal_msp.o          56
    stm32f4xx_hal_rcc.o       1'212
    stm32f4xx_hal_uart.o        984
    stm32f4xx_it.o               32
    system_stm32f4xx.o           44        9        4
    usart.o                     180       10       64
    -------------------------------------------------
    Total:                    4'676       85       83

dl7M_tln.a: [2]
    exit.o                        4
    low_level_init.o              4
    -------------------------------------------------
    Total:                        8

m7M_tls.a: [3]
    fpinit_M.o                   34
    -------------------------------------------------
    Total:                       34

rt7M_tl.a: [4]
    ABImemcpy_small.o            24
    ABImemset.o                 102
    I64DivMod_small.o           262
    I64DivZer.o                   2
    cexit.o                      10
    cmain.o                      30
    cstartup_M.o                 12
    data_init.o                  40
    memset.o                     20
    packbits_init_single.o       56
    -------------------------------------------------
    Total:                      558

shb_l.a: [5]
    exit.o                       20
    -------------------------------------------------
    Total:                       20

    Gaps                         10        2
    Linker created                        16    1'024
-----------------------------------------------------
    Grand Total:              5'306      103    1'107


*******************************************************************************
*** ENTRY LIST
***

Entry                       Address   Size  Type      Object
-----                       -------   ----  ----      ------
.iar.init_table$$Base    0x800'1334          --   Gb  - Linker created -
.iar.init_table$$Limit   0x800'1344          --   Gb  - Linker created -
?main                    0x800'1375         Code  Gb  cmain.o [4]
AHBPrescTable            0x800'12d8   0x10  Data  Gb  system_stm32f4xx.o [1]
APBPrescTable            0x800'13d8    0x8  Data  Gb  system_stm32f4xx.o [1]
BusFault_Handler         0x800'134b    0x2  Code  Gb  stm32f4xx_it.o [1]
CSTACK$$Base            0x2000'0058          --   Gb  - Linker created -
CSTACK$$Limit           0x2000'0458          --   Gb  - Linker created -
DebugMon_Handler         0x800'1351    0x2  Code  Gb  stm32f4xx_it.o [1]
Error_Handler            0x800'07cd    0x2  Code  Gb  main.o [1]
F_flg                   0x2000'0051    0x1  Data  Gb  main.o [1]
HAL_DMA_Abort_IT         0x800'0611   0x24  Code  Gb  stm32f4xx_hal_dma.o [1]
HAL_Delay                0x800'0e1d   0x28  Code  Wk  stm32f4xx_hal.o [1]
HAL_GPIO_Init            0x800'0aa9  0x1ae  Code  Gb  stm32f4xx_hal_gpio.o [1]
HAL_GPIO_WritePin        0x800'0c57    0x8  Code  Gb  stm32f4xx_hal_gpio.o [1]
HAL_GetTick              0x800'1155    0xc  Code  Wk  stm32f4xx_hal.o [1]
HAL_IncTick              0x800'1365   0x10  Code  Wk  stm32f4xx_hal.o [1]
HAL_Init                 0x800'0d51   0x30  Code  Gb  stm32f4xx_hal.o [1]
HAL_InitTick             0x800'1161   0x40  Code  Wk  stm32f4xx_hal.o [1]
HAL_MspInit              0x800'120d   0x38  Code  Gb  stm32f4xx_hal_msp.o [1]
HAL_NVIC_EnableIRQ       0x800'0cfb   0x16  Code  Gb  stm32f4xx_hal_cortex.o [1]
HAL_NVIC_SetPriority     0x800'0cc1   0x3a  Code  Gb  stm32f4xx_hal_cortex.o [1]
HAL_NVIC_SetPriorityGrouping
                         0x800'0ca7   0x1a  Code  Gb  stm32f4xx_hal_cortex.o [1]
HAL_RCC_ClockConfig      0x800'07e1  0x100  Code  Gb  stm32f4xx_hal_rcc.o [1]
HAL_RCC_GetPCLK1Freq     0x800'08ed   0x10  Code  Gb  stm32f4xx_hal_rcc.o [1]
HAL_RCC_GetPCLK2Freq     0x800'08fd    0xe  Code  Gb  stm32f4xx_hal_rcc.o [1]
HAL_RCC_OscConfig        0x800'0e45  0x310  Code  Wk  stm32f4xx_hal_rcc.o [1]
HAL_SYSTICK_Config       0x800'0d11   0x28  Code  Gb  stm32f4xx_hal_cortex.o [1]
HAL_UART_IRQHandler      0x800'0261  0x15c  Code  Gb  stm32f4xx_hal_uart.o [1]
HAL_UART_Init            0x800'0189   0x1e  Code  Gb  stm32f4xx_hal_uart.o [1]
HAL_UART_MspInit         0x800'058b   0x76  Code  Gb  usart.o [1]
HAL_UART_Receive_IT      0x800'01ff   0x56  Code  Gb  stm32f4xx_hal_uart.o [1]
HAL_UART_RxCpltCallback
                         0x800'0765   0x40  Code  Gb  main.o [1]
HardFault_Handler        0x800'1347    0x2  Code  Gb  stm32f4xx_it.o [1]
L_flg                   0x2000'0052    0x1  Data  Gb  main.o [1]
MX_GPIO_Init             0x800'0d85   0x80  Code  Gb  gpio.o [1]
MX_USART1_UART_Init      0x800'055d   0x2e  Code  Gb  usart.o [1]
MemManage_Handler        0x800'1349    0x2  Code  Gb  stm32f4xx_it.o [1]
NMI_Handler              0x800'1345    0x2  Code  Gb  stm32f4xx_it.o [1]
PendSV_Handler           0x800'1353    0x2  Code  Gb  stm32f4xx_it.o [1]
Region$$Table$$Base      0x800'1334          --   Gb  - Linker created -
Region$$Table$$Limit     0x800'1344          --   Gb  - Linker created -
SVC_Handler              0x800'134f    0x2  Code  Gb  stm32f4xx_it.o [1]
SysTick_Handler          0x800'1355    0x4  Code  Gb  stm32f4xx_it.o [1]
SystemClock_Config       0x800'06cf   0x96  Code  Gb  main.o [1]
SystemCoreClock         0x2000'000c    0x4  Data  Gb  system_stm32f4xx.o [1]
SystemInit               0x800'12bd   0x14  Code  Gb  system_stm32f4xx.o [1]
UART_DMAAbortOnError     0x800'03d9    0xc  Code  Lc  stm32f4xx_hal_uart.o [1]
UART_EndRxTransfer       0x800'03bd   0x1c  Code  Lc  stm32f4xx_hal_uart.o [1]
UART_Receive_IT          0x800'03e5   0x92  Code  Lc  stm32f4xx_hal_uart.o [1]
UART_SetConfig           0x800'0477   0xca  Code  Lc  stm32f4xx_hal_uart.o [1]
USART1_IRQHandler        0x800'1359    0x6  Code  Gb  stm32f4xx_it.o [1]
UsageFault_Handler       0x800'134d    0x2  Code  Gb  stm32f4xx_it.o [1]
__NVIC_SetPriority       0x800'0c8d   0x1a  Code  Lc  stm32f4xx_hal_cortex.o [1]
__aeabi_ldiv0            0x800'11a1         Code  Gb  I64DivZer.o [4]
__aeabi_memset           0x800'11a5         Code  Gb  ABImemset.o [4]
__cmain                  0x800'1375         Code  Gb  cmain.o [4]
__exit                   0x800'13a9   0x14  Code  Gb  exit.o [5]
__iar_Memset             0x800'11a5         Code  Gb  ABImemset.o [4]
__iar_Memset_word        0x800'11ad         Code  Gb  ABImemset.o [4]
__iar_data_init3         0x800'12e9   0x28  Code  Gb  data_init.o [4]
__iar_init_vfp           0x800'1311         Code  Gb  fpinit_M.o [3]
__iar_packbits_init_single3
                         0x800'1285   0x38  Code  Gb  packbits_init_single.o [4]
__iar_program_start      0x800'13cd         Code  Gb  cstartup_M.o [4]
__iar_small_Memcpy       0x800'0e09         Code  Gb  ABImemcpy_small.o [4]
__iar_small_memcpy       0x800'0e05         Code  Gb  ABImemcpy_small.o [4]
__iar_small_memcpy4      0x800'0e05         Code  Gb  ABImemcpy_small.o [4]
__iar_small_memcpy8      0x800'0e05         Code  Gb  ABImemcpy_small.o [4]
__iar_small_uldivmod     0x800'098d         Code  Gb  I64DivMod_small.o [4]
__low_level_init         0x800'1393    0x4  Code  Gb  low_level_init.o [2]
__vector_table           0x800'0000         Data  Gb  startup_stm32f405xx.o [1]
_call_main               0x800'1381         Code  Gb  cmain.o [4]
_exit                    0x800'139d         Code  Gb  cexit.o [4]
_main                    0x800'138f         Code  Gb  cmain.o [4]
exit                     0x800'1397    0x4  Code  Gb  exit.o [2]
huart1                  0x2000'0010   0x40  Data  Gb  usart.o [1]
main                     0x800'0639   0x84  Code  Gb  main.o [1]
memset                   0x800'0a93   0x14  Code  Gb  memset.o [4]
rxData                  0x2000'0050    0x1  Data  Gb  main.o [1]
uwTick                  0x2000'0004    0x4  Data  Gb  stm32f4xx_hal.o [1]
uwTickFreq              0x2000'0000    0x1  Data  Gb  stm32f4xx_hal.o [1]
uwTickPrio              0x2000'0008    0x4  Data  Gb  stm32f4xx_hal.o [1]


[1] = H:\arm_yj\USART_EX\EWARM\USART_EX\Obj
[2] = dl7M_tln.a
[3] = m7M_tls.a
[4] = rt7M_tl.a
[5] = shb_l.a

  5'306 bytes of readonly  code memory
    103 bytes of readonly  data memory
  1'107 bytes of readwrite data memory

Errors: none
Warnings: none
