###############################################################################
#
# IAR ELF Linker V8.50.4.261/W32 for ARM                  25/Jun/2020  11:51:21
# Copyright 2007-2020 IAR Systems AB.
#
#    Output file  =  H:\arm_yj\ons\EWARM\ons\Exe\ons.out
#    Map file     =  H:\arm_yj\ons\EWARM\ons\List\ons.map
#    Command line =
#        -f C:\Users\PKNU\AppData\Local\Temp\EW6C24.tmp
#        (H:\arm_yj\ons\EWARM\ons\Obj\gpio.o H:\arm_yj\ons\EWARM\ons\Obj\i2c.o
#        H:\arm_yj\ons\EWARM\ons\Obj\lcd.o H:\arm_yj\ons\EWARM\ons\Obj\main.o
#        H:\arm_yj\ons\EWARM\ons\Obj\startup_stm32f405xx.o
#        H:\arm_yj\ons\EWARM\ons\Obj\stm32f4xx_hal.o
#        H:\arm_yj\ons\EWARM\ons\Obj\stm32f4xx_hal_cortex.o
#        H:\arm_yj\ons\EWARM\ons\Obj\stm32f4xx_hal_dma.o
#        H:\arm_yj\ons\EWARM\ons\Obj\stm32f4xx_hal_dma_ex.o
#        H:\arm_yj\ons\EWARM\ons\Obj\stm32f4xx_hal_exti.o
#        H:\arm_yj\ons\EWARM\ons\Obj\stm32f4xx_hal_flash.o
#        H:\arm_yj\ons\EWARM\ons\Obj\stm32f4xx_hal_flash_ex.o
#        H:\arm_yj\ons\EWARM\ons\Obj\stm32f4xx_hal_flash_ramfunc.o
#        H:\arm_yj\ons\EWARM\ons\Obj\stm32f4xx_hal_gpio.o
#        H:\arm_yj\ons\EWARM\ons\Obj\stm32f4xx_hal_i2c.o
#        H:\arm_yj\ons\EWARM\ons\Obj\stm32f4xx_hal_i2c_ex.o
#        H:\arm_yj\ons\EWARM\ons\Obj\stm32f4xx_hal_msp.o
#        H:\arm_yj\ons\EWARM\ons\Obj\stm32f4xx_hal_pwr.o
#        H:\arm_yj\ons\EWARM\ons\Obj\stm32f4xx_hal_pwr_ex.o
#        H:\arm_yj\ons\EWARM\ons\Obj\stm32f4xx_hal_rcc.o
#        H:\arm_yj\ons\EWARM\ons\Obj\stm32f4xx_hal_rcc_ex.o
#        H:\arm_yj\ons\EWARM\ons\Obj\stm32f4xx_hal_tim.o
#        H:\arm_yj\ons\EWARM\ons\Obj\stm32f4xx_hal_tim_ex.o
#        H:\arm_yj\ons\EWARM\ons\Obj\stm32f4xx_it.o
#        H:\arm_yj\ons\EWARM\ons\Obj\system_stm32f4xx.o --redirect
#        _Printf=_PrintfFull --redirect _Scanf=_ScanfFull --no_out_extension -o
#        H:\arm_yj\ons\EWARM\ons\Exe\ons.out --map
#        H:\arm_yj\ons\EWARM\ons\List\ons.map --config
#        H:\arm_yj\ons\EWARM/stm32f405xx_flash.icf --semihosting --entry
#        __iar_program_start --vfe --text_out locale)
#
###############################################################################

*******************************************************************************
*** RUNTIME MODEL ATTRIBUTES
***

CppFlavor       = *
__SystemLibrary = DLib
__dlib_version  = 6


*******************************************************************************
*** HEAP SELECTION
***

The basic heap was selected because no calls to memory allocation
functions were found in the application outside of system library
functions, and there are calls to deallocation functions in the
application.


*******************************************************************************
*** PLACEMENT SUMMARY
***

"A0":  place at address 0x800'0000 { ro section .intvec };
"P1":  place in [from 0x800'0000 to 0x80f'ffff] { ro };
define block CSTACK with size = 1K, alignment = 8 { };
define block HEAP with size = 512, alignment = 8 { };
"P2":  place in [from 0x2000'0000 to 0x2001'ffff] {
          rw, block CSTACK, block HEAP };
initialize by copy { rw };

  Section            Kind         Address    Size  Object
  -------            ----         -------    ----  ------
"A0":                                       0x188
  .intvec            ro code   0x800'0000   0x188  startup_stm32f405xx.o [1]
                             - 0x800'0188   0x188

"P1":                                      0x378d
  .text              ro code   0x800'0188  0x10c6  xprintffull.o [2]
  .text              ro code   0x800'124e    0x3a  zero_init3.o [4]
  .text              ro code   0x800'1288    0x7c  xlocale_c.o [2]
  .text              ro code   0x800'1304    0x16  strchr.o [4]
  .text              ro code   0x800'131a    0x1e  xencoding_8859_1.o [2]
  .text              ro code   0x800'1338    0x40  xfail_s.o [2]
  .text              ro code   0x800'1378    0x36  strlen.o [4]
  .text              ro code   0x800'13ae     0xa  xsprout.o [2]
  .text              ro code   0x800'13b8    0x58  memchr.o [4]
  .text              ro code   0x800'1410    0xa6  ABImemcpy.o [4]
  .rodata            const     0x800'14b6     0x2  xlocale_c.o [2]
  .text              ro code   0x800'14b8    0x70  frexp.o [3]
  .text              ro code   0x800'1528    0x2e  DblCmpLe.o [3]
  .rodata            const     0x800'1556     0x2  xlocale_c.o [2]
  .text              ro code   0x800'1558    0x2e  DblCmpGe.o [3]
  .rodata            const     0x800'1586     0x1  xlocale_c.o [2]
  .text              ro code   0x800'1588   0x13a  ldexp.o [3]
  .text              ro code   0x800'16c4    0x3a  DblToS32.o [3]
  .text              ro code   0x800'1700    0x22  S32ToDbl.o [3]
  .text              ro code   0x800'1724    0xe2  DblSub.o [3]
  .text              ro code   0x800'1808   0x246  DblDiv.o [3]
  .text              ro code   0x800'1a50    0x28  DblToU32.o [3]
  .text              ro code   0x800'1a78    0x1a  U32ToDbl.o [3]
  .text              ro code   0x800'1a94   0x1a2  DblMul.o [3]
  .text              ro code   0x800'1c36     0xa  xmbcurmax.o [2]
  .text              ro code   0x800'1c40   0x106  I64DivMod_small.o [4]
  .text              ro code   0x800'1d46     0x6  abort.o [2]
  .text              ro code   0x800'1d4c   0x17a  DblAdd.o [3]
  .text              ro code   0x800'1ec8     0x2  I64DivZer.o [4]
  .text              ro code   0x800'1ecc    0x14  exit.o [5]
  .text              ro code   0x800'1ee0   0x822  stm32f4xx_hal_i2c.o [1]
  .text              ro code   0x800'2704    0xac  i2c.o [1]
  .text              ro code   0x800'27b0   0x1a0  stm32f4xx_hal_rcc.o [1]
  .text              ro code   0x800'2950     0xc  stm32f4xx_hal.o [1]
  .text              ro code   0x800'295c   0x1f8  main.o [1]
  .text              ro code   0x800'2b54    0x14  memset.o [4]
  .text              ro code   0x800'2b68   0x1e4  stm32f4xx_hal_gpio.o [1]
  .text              ro code   0x800'2d4c    0x40  stm32f4xx_hal.o [1]
  .text              ro code   0x800'2d8c    0x34  stm32f4xx_hal.o [1]
  .text              ro code   0x800'2dc0    0xb4  gpio.o [1]
  .text              ro code   0x800'2e74    0x28  stm32f4xx_hal.o [1]
  .text              ro code   0x800'2e9c    0x48  FltToDbl.o [3]
  .text              ro code   0x800'2ee4    0x68  DblToFlt.o [3]
  .text              ro code   0x800'2f4c   0x234  lcd.o [1]
  .text              ro code   0x800'3180    0x40  sprintf.o [2]
  .text              ro code   0x800'31c0   0x310  stm32f4xx_hal_rcc.o [1]
  .text              ro code   0x800'34d0    0x66  ABImemset.o [4]
  .text              ro code   0x800'3538    0xac  stm32f4xx_hal_cortex.o [1]
  .text              ro code   0x800'35e4    0x38  stm32f4xx_hal_msp.o [1]
  .text              ro code   0x800'361c    0x78  lz77_init_single.o [4]
  .text              ro code   0x800'3694    0x2c  system_stm32f4xx.o [1]
  .text              ro code   0x800'36c0    0x28  data_init.o [4]
  .text              ro code   0x800'36e8    0x22  fpinit_M.o [3]
  .iar.init_table    const     0x800'370c    0x20  - Linker created -
  .text              ro code   0x800'372c    0x1e  cmain.o [4]
  .text              ro code   0x800'374a     0x4  low_level_init.o [2]
  .text              ro code   0x800'374e     0x4  exit.o [2]
  .text              ro code   0x800'3754     0xa  cexit.o [4]
  .text              ro code   0x800'375e    0x14  stm32f4xx_it.o [1]
  .text              ro code   0x800'3774    0x10  stm32f4xx_hal.o [1]
  .text              ro code   0x800'3784    0x10  startup_stm32f405xx.o [1]
  .text              ro code   0x800'3794     0xc  cstartup_M.o [4]
  .rodata            const     0x800'37a0     0x8  system_stm32f4xx.o [1]
  .text              ro code   0x800'37a8     0x4  startup_stm32f405xx.o [1]
  .text              ro code   0x800'37ac     0x4  startup_stm32f405xx.o [1]
  .text              ro code   0x800'37b0     0x4  startup_stm32f405xx.o [1]
  .text              ro code   0x800'37b4     0x4  startup_stm32f405xx.o [1]
  .text              ro code   0x800'37b8     0x4  startup_stm32f405xx.o [1]
  .text              ro code   0x800'37bc     0x4  startup_stm32f405xx.o [1]
  .text              ro code   0x800'37c0     0x4  startup_stm32f405xx.o [1]
  .text              ro code   0x800'37c4     0x4  startup_stm32f405xx.o [1]
  .text              ro code   0x800'37c8     0x4  startup_stm32f405xx.o [1]
  .text              ro code   0x800'37cc     0x4  startup_stm32f405xx.o [1]
  .text              ro code   0x800'37d0     0x4  startup_stm32f405xx.o [1]
  .text              ro code   0x800'37d4     0x4  startup_stm32f405xx.o [1]
  .text              ro code   0x800'37d8     0x4  startup_stm32f405xx.o [1]
  .text              ro code   0x800'37dc     0x4  startup_stm32f405xx.o [1]
  .text              ro code   0x800'37e0     0x4  startup_stm32f405xx.o [1]
  .text              ro code   0x800'37e4     0x4  startup_stm32f405xx.o [1]
  .text              ro code   0x800'37e8     0x4  startup_stm32f405xx.o [1]
  .text              ro code   0x800'37ec     0x4  startup_stm32f405xx.o [1]
  .text              ro code   0x800'37f0     0x4  startup_stm32f405xx.o [1]
  .text              ro code   0x800'37f4     0x4  startup_stm32f405xx.o [1]
  .text              ro code   0x800'37f8     0x4  startup_stm32f405xx.o [1]
  .text              ro code   0x800'37fc     0x4  startup_stm32f405xx.o [1]
  .text              ro code   0x800'3800     0x4  startup_stm32f405xx.o [1]
  .text              ro code   0x800'3804     0x4  startup_stm32f405xx.o [1]
  .text              ro code   0x800'3808     0x4  startup_stm32f405xx.o [1]
  .text              ro code   0x800'380c     0x4  startup_stm32f405xx.o [1]
  .text              ro code   0x800'3810     0x4  startup_stm32f405xx.o [1]
  .text              ro code   0x800'3814     0x4  startup_stm32f405xx.o [1]
  .text              ro code   0x800'3818     0x4  startup_stm32f405xx.o [1]
  .text              ro code   0x800'381c     0x4  startup_stm32f405xx.o [1]
  .text              ro code   0x800'3820     0x4  startup_stm32f405xx.o [1]
  .text              ro code   0x800'3824     0x4  startup_stm32f405xx.o [1]
  .text              ro code   0x800'3828     0x4  startup_stm32f405xx.o [1]
  .text              ro code   0x800'382c     0x4  startup_stm32f405xx.o [1]
  .text              ro code   0x800'3830     0x4  startup_stm32f405xx.o [1]
  .text              ro code   0x800'3834     0x4  startup_stm32f405xx.o [1]
  .text              ro code   0x800'3838     0x4  startup_stm32f405xx.o [1]
  .text              ro code   0x800'383c     0x4  startup_stm32f405xx.o [1]
  .text              ro code   0x800'3840     0x4  startup_stm32f405xx.o [1]
  .text              ro code   0x800'3844     0x4  startup_stm32f405xx.o [1]
  .text              ro code   0x800'3848     0x4  startup_stm32f405xx.o [1]
  .text              ro code   0x800'384c     0x4  startup_stm32f405xx.o [1]
  .text              ro code   0x800'3850     0x4  startup_stm32f405xx.o [1]
  .text              ro code   0x800'3854     0x4  startup_stm32f405xx.o [1]
  .text              ro code   0x800'3858     0x4  startup_stm32f405xx.o [1]
  .text              ro code   0x800'385c     0x4  startup_stm32f405xx.o [1]
  .text              ro code   0x800'3860     0x4  startup_stm32f405xx.o [1]
  .text              ro code   0x800'3864     0x4  startup_stm32f405xx.o [1]
  .text              ro code   0x800'3868     0x4  startup_stm32f405xx.o [1]
  .text              ro code   0x800'386c     0x4  startup_stm32f405xx.o [1]
  .text              ro code   0x800'3870     0x4  startup_stm32f405xx.o [1]
  .text              ro code   0x800'3874     0x4  startup_stm32f405xx.o [1]
  .text              ro code   0x800'3878     0x4  startup_stm32f405xx.o [1]
  .text              ro code   0x800'387c     0x4  startup_stm32f405xx.o [1]
  .text              ro code   0x800'3880     0x4  startup_stm32f405xx.o [1]
  .text              ro code   0x800'3884     0x4  startup_stm32f405xx.o [1]
  .text              ro code   0x800'3888     0x4  startup_stm32f405xx.o [1]
  .text              ro code   0x800'388c     0x4  startup_stm32f405xx.o [1]
  .text              ro code   0x800'3890     0x4  startup_stm32f405xx.o [1]
  .text              ro code   0x800'3894     0x4  startup_stm32f405xx.o [1]
  .text              ro code   0x800'3898     0x4  startup_stm32f405xx.o [1]
  .text              ro code   0x800'389c     0x4  startup_stm32f405xx.o [1]
  .text              ro code   0x800'38a0     0x4  startup_stm32f405xx.o [1]
  .text              ro code   0x800'38a4     0x4  startup_stm32f405xx.o [1]
  .text              ro code   0x800'38a8     0x4  startup_stm32f405xx.o [1]
  .text              ro code   0x800'38ac     0x4  startup_stm32f405xx.o [1]
  .text              ro code   0x800'38b0     0x4  startup_stm32f405xx.o [1]
  .text              ro code   0x800'38b4     0x4  startup_stm32f405xx.o [1]
  .text              ro code   0x800'38b8     0x4  startup_stm32f405xx.o [1]
  .text              ro code   0x800'38bc     0x4  startup_stm32f405xx.o [1]
  .text              ro code   0x800'38c0     0x4  startup_stm32f405xx.o [1]
  .text              ro code   0x800'38c4     0x4  startup_stm32f405xx.o [1]
  .text              ro code   0x800'38c8     0x4  startup_stm32f405xx.o [1]
  .text              ro code   0x800'38cc     0x4  startup_stm32f405xx.o [1]
  .text              ro code   0x800'38d0     0x4  startup_stm32f405xx.o [1]
  .text              ro code   0x800'38d4     0x4  startup_stm32f405xx.o [1]
  .text              ro code   0x800'38d8     0x4  startup_stm32f405xx.o [1]
  .text              ro code   0x800'38dc     0x4  startup_stm32f405xx.o [1]
  .rodata            const     0x800'38e0     0x0  zero_init3.o [4]
  .rodata            const     0x800'38e0     0x0  lz77_init_single.o [4]
  Initializer bytes  const     0x800'38e0    0x35  <for P2-1>
                             - 0x800'3915  0x378d

"P2", part 1 of 3:                           0x90
  P2-1                        0x2000'0000    0x90  <Init block>
    .data            inited   0x2000'0000     0xc  stm32f4xx_hal.o [1]
    .data            inited   0x2000'000c     0x4  system_stm32f4xx.o [1]
    .data            inited   0x2000'0010    0x38  xlocale_c.o [2]
    .data            inited   0x2000'0048    0x48  xlocale_c.o [2]
                            - 0x2000'0090    0x90

"P2", part 2 of 3:                           0x78
  .bss               zero     0x2000'0090    0x54  i2c.o [1]
  .bss               zero     0x2000'00e4    0x20  main.o [1]
  .bss               zero     0x2000'0104     0x4  xfail_s.o [2]
                            - 0x2000'0108    0x78

"P2", part 3 of 3:                          0x400
  CSTACK                      0x2000'0108   0x400  <Block>
    CSTACK           uninit   0x2000'0108   0x400  <Block tail>
                            - 0x2000'0508   0x400

Unused ranges:

         From           To      Size
         ----           --      ----
   0x800'3915   0x80f'ffff  0xf'c6eb
  0x2000'0508  0x2001'ffff  0x1'faf8


*******************************************************************************
*** INIT TABLE
***

          Address      Size
          -------      ----
Zero (__iar_zero_init3)
    1 destination range, total size 0x78:
          0x2000'0090  0x78

Copy/lz77 (__iar_lz77_init_single3)
    1 source range, total size 0x35 (36% of destination):
           0x800'38e0  0x35
    1 destination range, total size 0x90:
          0x2000'0000  0x90



*******************************************************************************
*** MODULE SUMMARY
***

    Module                  ro code  ro data  rw data
    ------                  -------  -------  -------
command line/config:
    -------------------------------------------------
    Total:

H:\arm_yj\ons\EWARM\ons\Obj: [1]
    gpio.o                      180
    i2c.o                       172                84
    lcd.o                       564
    main.o                      504                32
    startup_stm32f405xx.o       720
    stm32f4xx_hal.o             184        4       12
    stm32f4xx_hal_cortex.o      172
    stm32f4xx_hal_gpio.o        484
    stm32f4xx_hal_i2c.o       2'082
    stm32f4xx_hal_msp.o          56
    stm32f4xx_hal_rcc.o       1'200
    stm32f4xx_it.o               20
    system_stm32f4xx.o           44        9        4
    -------------------------------------------------
    Total:                    6'382       13      132

dl7M_tlf.a: [2]
    abort.o                       6
    exit.o                        4
    low_level_init.o              4
    sprintf.o                    64
    xencoding_8859_1.o           30
    xfail_s.o                    64                 4
    xlocale_c.o                 124       53      128
    xmbcurmax.o                  10
    xprintffull.o             4'294
    xsprout.o                    10
    -------------------------------------------------
    Total:                    4'610       53      132

m7M_tls.a: [3]
    DblAdd.o                    378
    DblCmpGe.o                   46
    DblCmpLe.o                   46
    DblDiv.o                    582
    DblMul.o                    418
    DblSub.o                    226
    DblToFlt.o                  104
    DblToS32.o                   58
    DblToU32.o                   40
    FltToDbl.o                   72
    S32ToDbl.o                   34
    U32ToDbl.o                   26
    fpinit_M.o                   34
    frexp.o                     112
    ldexp.o                     314
    -------------------------------------------------
    Total:                    2'490

rt7M_tl.a: [4]
    ABImemcpy.o                 166
    ABImemset.o                 102
    I64DivMod_small.o           262
    I64DivZer.o                   2
    cexit.o                      10
    cmain.o                      30
    cstartup_M.o                 12
    data_init.o                  40
    lz77_init_single.o          120
    memchr.o                     88
    memset.o                     20
    strchr.o                     22
    strlen.o                     54
    zero_init3.o                 58
    -------------------------------------------------
    Total:                      986

shb_l.a: [5]
    exit.o                       20
    -------------------------------------------------
    Total:                       20

    Gaps                         25        2
    Linker created                        32    1'024
-----------------------------------------------------
    Grand Total:             14'513      100    1'288


*******************************************************************************
*** ENTRY LIST
***

Entry                       Address   Size  Type      Object
-----                       -------   ----  ----      ------
.iar.init_table$$Base    0x800'370c          --   Gb  - Linker created -
.iar.init_table$$Limit   0x800'372c          --   Gb  - Linker created -
?main                    0x800'372d         Code  Gb  cmain.o [4]
AHBPrescTable            0x800'36b0   0x10  Data  Gb  system_stm32f4xx.o [1]
APBPrescTable            0x800'37a0    0x8  Data  Gb  system_stm32f4xx.o [1]
BusFault_Handler         0x800'3765    0x2  Code  Gb  stm32f4xx_it.o [1]
CSTACK$$Base            0x2000'0108          --   Gb  - Linker created -
CSTACK$$Limit           0x2000'0508          --   Gb  - Linker created -
CacheMore                0x800'128d   0x28  Code  Lc  xlocale_c.o [2]
DebugMon_Handler         0x800'376b    0x2  Code  Gb  stm32f4xx_it.o [1]
Error_Handler            0x800'2b31    0x2  Code  Gb  main.o [1]
HAL_Delay                0x800'2e75   0x28  Code  Wk  stm32f4xx_hal.o [1]
HAL_GPIO_Init            0x800'2b69  0x1ae  Code  Gb  stm32f4xx_hal_gpio.o [1]
HAL_GPIO_WritePin        0x800'2d17    0x8  Code  Gb  stm32f4xx_hal_gpio.o [1]
HAL_GetTick              0x800'2951    0xc  Code  Wk  stm32f4xx_hal.o [1]
HAL_I2C_Init             0x800'1ee1  0x12c  Code  Gb  stm32f4xx_hal_i2c.o [1]
HAL_I2C_Master_Receive   0x800'214f  0x1b4  Code  Gb  stm32f4xx_hal_i2c.o [1]
HAL_I2C_Master_Transmit
                         0x800'2019  0x136  Code  Gb  stm32f4xx_hal_i2c.o [1]
HAL_I2C_MspInit          0x800'2735   0x66  Code  Gb  i2c.o [1]
HAL_IncTick              0x800'3775   0x10  Code  Wk  stm32f4xx_hal.o [1]
HAL_Init                 0x800'2d8d   0x30  Code  Gb  stm32f4xx_hal.o [1]
HAL_InitTick             0x800'2d4d   0x40  Code  Wk  stm32f4xx_hal.o [1]
HAL_MspInit              0x800'35e5   0x38  Code  Gb  stm32f4xx_hal_msp.o [1]
HAL_NVIC_SetPriority     0x800'356d   0x3a  Code  Gb  stm32f4xx_hal_cortex.o [1]
HAL_NVIC_SetPriorityGrouping
                         0x800'3553   0x1a  Code  Gb  stm32f4xx_hal_cortex.o [1]
HAL_RCC_ClockConfig      0x800'27b1  0x100  Code  Gb  stm32f4xx_hal_rcc.o [1]
HAL_RCC_GetPCLK1Freq     0x800'28bd   0x10  Code  Gb  stm32f4xx_hal_rcc.o [1]
HAL_RCC_OscConfig        0x800'31c1  0x310  Code  Wk  stm32f4xx_hal_rcc.o [1]
HAL_SYSTICK_Config       0x800'35a7   0x28  Code  Gb  stm32f4xx_hal_cortex.o [1]
HUMI                    0x2000'00f0    0x4  Data  Gb  main.o [1]
HardFault_Handler        0x800'3761    0x2  Code  Gb  stm32f4xx_it.o [1]
I2C_IsAcknowledgeFailed
                         0x800'26d7   0x2c  Code  Lc  stm32f4xx_hal_i2c.o [1]
I2C_WaitOnBTFFlagUntilTimeout
                         0x800'2645   0x3a  Code  Lc  stm32f4xx_hal_i2c.o [1]
I2C_WaitOnFlagUntilTimeout
                         0x800'251b   0x50  Code  Lc  stm32f4xx_hal_i2c.o [1]
I2C_WaitOnMasterAddressFlagUntilTimeout
                         0x800'256b   0x76  Code  Lc  stm32f4xx_hal_i2c.o [1]
I2C_WaitOnRXNEFlagUntilTimeout
                         0x800'267f   0x44  Code  Lc  stm32f4xx_hal_i2c.o [1]
I2C_WaitOnTXEFlagUntilTimeout
                         0x800'25ef   0x3a  Code  Lc  stm32f4xx_hal_i2c.o [1]
MX_GPIO_Init             0x800'2dc1   0x96  Code  Gb  gpio.o [1]
MX_I2C1_Init             0x800'2705   0x30  Code  Gb  i2c.o [1]
MemManage_Handler        0x800'3763    0x2  Code  Gb  stm32f4xx_it.o [1]
NMI_Handler              0x800'375f    0x2  Code  Gb  stm32f4xx_it.o [1]
PendSV_Handler           0x800'376d    0x2  Code  Gb  stm32f4xx_it.o [1]
Region$$Table$$Base      0x800'370c          --   Gb  - Linker created -
Region$$Table$$Limit     0x800'372c          --   Gb  - Linker created -
SVC_Handler              0x800'3769    0x2  Code  Gb  stm32f4xx_it.o [1]
SysTick_Handler          0x800'376f    0x4  Code  Gb  stm32f4xx_it.o [1]
SystemClock_Config       0x800'2a71   0x96  Code  Gb  main.o [1]
SystemCoreClock         0x2000'000c    0x4  Data  Gb  system_stm32f4xx.o [1]
SystemInit               0x800'3695   0x14  Code  Gb  system_stm32f4xx.o [1]
TEMP                    0x2000'00ec    0x4  Data  Gb  main.o [1]
UsageFault_Handler       0x800'3767    0x2  Code  Gb  stm32f4xx_it.o [1]
_Encoding_8859_1_Mbrlen
                         0x800'132d    0x2  Code  Gb  xencoding_8859_1.o [2]
_Encoding_8859_1_Wctomb
                         0x800'131b   0x12  Code  Gb  xencoding_8859_1.o [2]
_LitobFull               0x800'109b  0x10a  Code  Lc  xprintffull.o [2]
_Locale_lconv           0x2000'0010   0x38  Data  Lc  xlocale_c.o [2]
_PrintfFull              0x800'0189  0xcc2  Code  Gb  xprintffull.o [2]
_PutcharsFull            0x800'120d   0x2e  Code  Lc  xprintffull.o [2]
_PutstrFull              0x800'0fdb   0xc0  Code  Lc  xprintffull.o [2]
_PuttxtFull              0x800'0ecf  0x10c  Code  Lc  xprintffull.o [2]
_SProut                  0x800'13af    0xa  Code  Gb  xsprout.o [2]
__NVIC_SetPriority       0x800'3539   0x1a  Code  Lc  stm32f4xx_hal_cortex.o [1]
__aeabi_cdcmple          0x800'1529         Code  Gb  DblCmpLe.o [3]
__aeabi_cdrcmple         0x800'1559         Code  Gb  DblCmpGe.o [3]
__aeabi_d2f              0x800'2ee5         Code  Gb  DblToFlt.o [3]
__aeabi_d2iz             0x800'16c5         Code  Gb  DblToS32.o [3]
__aeabi_d2uiz            0x800'1a51         Code  Gb  DblToU32.o [3]
__aeabi_dadd             0x800'1d4d         Code  Gb  DblAdd.o [3]
__aeabi_ddiv             0x800'1809         Code  Gb  DblDiv.o [3]
__aeabi_dmul             0x800'1a95         Code  Gb  DblMul.o [3]
__aeabi_dsub             0x800'1725         Code  Gb  DblSub.o [3]
__aeabi_f2d              0x800'2e9d         Code  Gb  FltToDbl.o [3]
__aeabi_i2d              0x800'1701         Code  Gb  S32ToDbl.o [3]
__aeabi_ldiv0            0x800'1ec9         Code  Gb  I64DivZer.o [4]
__aeabi_memcpy           0x800'1411         Code  Gb  ABImemcpy.o [4]
__aeabi_memcpy4          0x800'1431         Code  Gb  ABImemcpy.o [4]
__aeabi_memcpy8          0x800'1431         Code  Gb  ABImemcpy.o [4]
__aeabi_memset           0x800'34d1         Code  Gb  ABImemset.o [4]
__aeabi_ui2d             0x800'1a79         Code  Gb  U32ToDbl.o [3]
__cmain                  0x800'372d         Code  Gb  cmain.o [4]
__exit                   0x800'1ecd   0x14  Code  Gb  exit.o [5]
__iar_Fail_s             0x800'1339   0x1c  Code  Gb  xfail_s.o [2]
__iar_Mbcurmax           0x800'1c37    0xa  Code  Gb  xmbcurmax.o [2]
__iar_Memchr             0x800'13b9         Code  Gb  memchr.o [4]
__iar_Memset             0x800'34d1         Code  Gb  ABImemset.o [4]
__iar_Memset_word        0x800'34d9         Code  Gb  ABImemset.o [4]
__iar_Strchr             0x800'1305         Code  Gb  strchr.o [4]
__iar_dadd               0x800'1735         Code  Gb  DblSub.o [3]
__iar_data_init3         0x800'36c1   0x28  Code  Gb  data_init.o [4]
__iar_dsub               0x800'1d5d         Code  Gb  DblAdd.o [3]
__iar_dsubStart          0x800'1d6f         Code  Gb  DblAdd.o [3]
__iar_frexp              0x800'14c5         Code  Gb  frexp.o [3]
__iar_frexpl             0x800'14c5         Code  Gb  frexp.o [3]
__iar_globLocale        0x2000'0048   0x48  Data  Lc  xlocale_c.o [2]
__iar_global_Locale      0x800'1289    0x4  Code  Gb  xlocale_c.o [2]
__iar_init_vfp           0x800'36e9         Code  Gb  fpinit_M.o [3]
__iar_ldexp64            0x800'1589         Code  Gb  ldexp.o [3]
__iar_lz77_init_single3
                         0x800'361d   0x78  Code  Gb  lz77_init_single.o [4]
__iar_program_start      0x800'3795         Code  Gb  cstartup_M.o [4]
__iar_scalbln64          0x800'1589         Code  Gb  ldexp.o [3]
__iar_scalbn64           0x800'1589         Code  Gb  ldexp.o [3]
__iar_small_uldivmod     0x800'1c41         Code  Gb  I64DivMod_small.o [4]
__iar_softfp___iar_frexp64
                         0x800'14b9         Code  Gb  frexp.o [3]
__iar_softfp_frexp       0x800'14b9         Code  Gb  frexp.o [3]
__iar_softfp_frexpl      0x800'14b9         Code  Gb  frexp.o [3]
__iar_zero_init3         0x800'124f   0x3a  Code  Gb  zero_init3.o [4]
__low_level_init         0x800'374b    0x4  Code  Gb  low_level_init.o [2]
__vector_table           0x800'0000         Data  Gb  startup_stm32f405xx.o [1]
_call_main               0x800'3739         Code  Gb  cmain.o [4]
_exit                    0x800'3755         Code  Gb  cexit.o [4]
_gLocale_mblen           0x800'12f1    0x4  Code  Gb  xlocale_c.o [2]
_gLocale_mblenInt        0x800'12b5   0x2c  Code  Gb  xlocale_c.o [2]
_gLocale_wctomb          0x800'12f5    0x4  Code  Gb  xlocale_c.o [2]
_gLocale_wctombInt       0x800'12ed    0x4  Code  Gb  xlocale_c.o [2]
_main                    0x800'3747         Code  Gb  cmain.o [4]
abort                    0x800'1d47    0x6  Code  Gb  abort.o [2]
exit                     0x800'374f    0x4  Code  Gb  exit.o [2]
hi2c1                   0x2000'0090   0x54  Data  Gb  i2c.o [1]
i2cData                 0x2000'00e4    0x2  Data  Gb  main.o [1]
lcdControlWrite          0x800'30b9    0xc  Code  Gb  lcd.o [1]
lcdDataWrite             0x800'30c5   0x12  Code  Gb  lcd.o [1]
lcdGotoXY                0x800'3149   0x1e  Code  Gb  lcd.o [1]
lcdPrint                 0x800'3167   0x1a  Code  Gb  lcd.o [1]
lcdmDelay                0x800'309b   0x1e  Code  Lc  lcd.o [1]
lcduDelay                0x800'2f4d  0x14e  Code  Lc  lcd.o [1]
ldexp                    0x800'1589         Code  Gb  ldexp.o [3]
ldexpl                   0x800'1589         Code  Gb  ldexp.o [3]
localeconv               0x800'12f9    0x4  Code  Gb  xlocale_c.o [2]
main                     0x800'295d   0xf2  Code  Gb  main.o [1]
memchr                   0x800'13b9         Code  Gb  memchr.o [4]
memset                   0x800'2b55   0x14  Code  Gb  memset.o [4]
mode                    0x2000'00e6    0x1  Data  Gb  main.o [1]
scalbln                  0x800'1589         Code  Gb  ldexp.o [3]
scalblnl                 0x800'1589         Code  Gb  ldexp.o [3]
scalbn                   0x800'1589         Code  Gb  ldexp.o [3]
scalbnl                  0x800'1589         Code  Gb  ldexp.o [3]
scale                    0x800'11a5   0x46  Code  Lc  xprintffull.o [2]
sec_hand                0x2000'0104    0x4  Data  Lc  xfail_s.o [2]
sprintf                  0x800'3181   0x40  Code  Gb  sprintf.o [2]
str                     0x2000'00f4   0x10  Data  Gb  main.o [1]
strchr                   0x800'1305         Code  Gb  strchr.o [4]
strlen                   0x800'1379         Code  Gb  strlen.o [4]
uwTick                  0x2000'0004    0x4  Data  Gb  stm32f4xx_hal.o [1]
uwTickFreq              0x2000'0000    0x1  Data  Gb  stm32f4xx_hal.o [1]
uwTickPrio              0x2000'0008    0x4  Data  Gb  stm32f4xx_hal.o [1]
val                     0x2000'00e8    0x2  Data  Gb  main.o [1]


[1] = H:\arm_yj\ons\EWARM\ons\Obj
[2] = dl7M_tlf.a
[3] = m7M_tls.a
[4] = rt7M_tl.a
[5] = shb_l.a

  14'513 bytes of readonly  code memory
     100 bytes of readonly  data memory
   1'288 bytes of readwrite data memory

Errors: none
Warnings: none
