###############################################################################
#
# IAR ELF Linker V8.50.4.261/W32 for ARM                  25/Jun/2020  12:30:48
# Copyright 2007-2020 IAR Systems AB.
#
#    Output file  =  H:\arm_yj\test\EWARM\test\Exe\test.out
#    Map file     =  H:\arm_yj\test\EWARM\test\List\test.map
#    Command line =
#        -f C:\Users\PKNU\AppData\Local\Temp\EW8E6C.tmp
#        (H:\arm_yj\test\EWARM\test\Obj\adc.o
#        H:\arm_yj\test\EWARM\test\Obj\dma.o
#        H:\arm_yj\test\EWARM\test\Obj\gpio.o
#        H:\arm_yj\test\EWARM\test\Obj\main.o
#        H:\arm_yj\test\EWARM\test\Obj\startup_stm32f405xx.o
#        H:\arm_yj\test\EWARM\test\Obj\stm32f4xx_hal.o
#        H:\arm_yj\test\EWARM\test\Obj\stm32f4xx_hal_adc.o
#        H:\arm_yj\test\EWARM\test\Obj\stm32f4xx_hal_adc_ex.o
#        H:\arm_yj\test\EWARM\test\Obj\stm32f4xx_hal_cortex.o
#        H:\arm_yj\test\EWARM\test\Obj\stm32f4xx_hal_dma.o
#        H:\arm_yj\test\EWARM\test\Obj\stm32f4xx_hal_dma_ex.o
#        H:\arm_yj\test\EWARM\test\Obj\stm32f4xx_hal_exti.o
#        H:\arm_yj\test\EWARM\test\Obj\stm32f4xx_hal_flash.o
#        H:\arm_yj\test\EWARM\test\Obj\stm32f4xx_hal_flash_ex.o
#        H:\arm_yj\test\EWARM\test\Obj\stm32f4xx_hal_flash_ramfunc.o
#        H:\arm_yj\test\EWARM\test\Obj\stm32f4xx_hal_gpio.o
#        H:\arm_yj\test\EWARM\test\Obj\stm32f4xx_hal_msp.o
#        H:\arm_yj\test\EWARM\test\Obj\stm32f4xx_hal_pwr.o
#        H:\arm_yj\test\EWARM\test\Obj\stm32f4xx_hal_pwr_ex.o
#        H:\arm_yj\test\EWARM\test\Obj\stm32f4xx_hal_rcc.o
#        H:\arm_yj\test\EWARM\test\Obj\stm32f4xx_hal_rcc_ex.o
#        H:\arm_yj\test\EWARM\test\Obj\stm32f4xx_hal_tim.o
#        H:\arm_yj\test\EWARM\test\Obj\stm32f4xx_hal_tim_ex.o
#        H:\arm_yj\test\EWARM\test\Obj\stm32f4xx_it.o
#        H:\arm_yj\test\EWARM\test\Obj\system_stm32f4xx.o
#        H:\arm_yj\test\EWARM\test\Obj\tim.o --redirect _Printf=_PrintfFull
#        --redirect _Scanf=_ScanfFull --no_out_extension -o
#        H:\arm_yj\test\EWARM\test\Exe\test.out --map
#        H:\arm_yj\test\EWARM\test\List\test.map --config
#        H:\arm_yj\test\EWARM/stm32f405xx_flash.icf --semihosting --entry
#        __iar_program_start --vfe --text_out locale)
#
###############################################################################

*******************************************************************************
*** RUNTIME MODEL ATTRIBUTES
***

CppFlavor       = *
__SystemLibrary = DLib
__dlib_version  = 6


*******************************************************************************
*** HEAP SELECTION
***

The basic heap was selected because no calls to memory allocation
functions were found in the application outside of system library
functions, and there are calls to deallocation functions in the
application.


*******************************************************************************
*** PLACEMENT SUMMARY
***

"A0":  place at address 0x800'0000 { ro section .intvec };
"P1":  place in [from 0x800'0000 to 0x80f'ffff] { ro };
define block CSTACK with size = 1K, alignment = 8 { };
define block HEAP with size = 512, alignment = 8 { };
"P2":  place in [from 0x2000'0000 to 0x2001'ffff] {
          rw, block CSTACK, block HEAP };
initialize by copy { rw };

  Section            Kind         Address    Size  Object
  -------            ----         -------    ----  ------
"A0":                                       0x188
  .intvec            ro code   0x800'0000   0x188  startup_stm32f405xx.o [1]
                             - 0x800'0188   0x188

"P1":                                      0x1b98
  .text              ro code   0x800'0188   0x44e  stm32f4xx_hal_tim.o [1]
  .text              ro code   0x800'05d6    0x3a  zero_init3.o [4]
  .text              ro code   0x800'0610   0x15c  tim.o [1]
  .text              ro code   0x800'076c     0x2  stm32f4xx_hal_tim.o [1]
  .text              ro code   0x800'076e    0x14  memset.o [4]
  .text              ro code   0x800'0782    0x2e  copy_init3.o [4]
  .text              ro code   0x800'07b0    0xe6  main.o [1]
  .text              ro code   0x800'0898    0xe0  stm32f4xx_hal_tim_ex.o [1]
  .text              ro code   0x800'0978   0x1e4  stm32f4xx_hal_gpio.o [1]
  .text              ro code   0x800'0b5c    0x66  ABImemset.o [4]
  .text              ro code   0x800'0bc4    0x34  stm32f4xx_hal.o [1]
  .text              ro code   0x800'0bf8    0xb4  gpio.o [1]
  .text              ro code   0x800'0cac    0x34  dma.o [1]
  .text              ro code   0x800'0ce0   0x12c  adc.o [1]
  .text              ro code   0x800'0e0c    0x28  stm32f4xx_hal.o [1]
  .text              ro code   0x800'0e34   0x310  stm32f4xx_hal_rcc.o [1]
  .text              ro code   0x800'1144   0x180  stm32f4xx_hal_rcc.o [1]
  .text              ro code   0x800'12c4    0xc4  stm32f4xx_hal_cortex.o [1]
  .text              ro code   0x800'1388    0x40  stm32f4xx_hal.o [1]
  .text              ro code   0x800'13c8    0x38  stm32f4xx_hal_msp.o [1]
  .text              ro code   0x800'1400   0x2b4  stm32f4xx_hal_adc.o [1]
  .text              ro code   0x800'16b4   0x2e0  stm32f4xx_hal_dma.o [1]
  .text              ro code   0x800'1994     0xc  stm32f4xx_hal.o [1]
  .text              ro code   0x800'19a0   0x106  I64DivMod_small.o [4]
  .text              ro code   0x800'1aa8     0x2  I64DivZer.o [4]
  .text              ro code   0x800'1aac    0x2c  system_stm32f4xx.o [1]
  .text              ro code   0x800'1ad8    0x28  data_init.o [4]
  .text              ro code   0x800'1b00    0x22  fpinit_M.o [3]
  .iar.init_table    const     0x800'1b24    0x24  - Linker created -
  .text              ro code   0x800'1b48    0x20  stm32f4xx_it.o [1]
  .text              ro code   0x800'1b68    0x10  stm32f4xx_hal.o [1]
  .text              ro code   0x800'1b78    0x1e  cmain.o [4]
  .text              ro code   0x800'1b96     0x4  low_level_init.o [2]
  .text              ro code   0x800'1b9a     0x4  exit.o [2]
  .text              ro code   0x800'1ba0     0xa  cexit.o [4]
  .text              ro code   0x800'1bac    0x14  exit.o [5]
  .text              ro code   0x800'1bc0    0x10  startup_stm32f405xx.o [1]
  Initializer bytes  const     0x800'1bd0    0x10  <for P2-1>
  .text              ro code   0x800'1be0     0xc  cstartup_M.o [4]
  .text              ro code   0x800'1bec     0x4  startup_stm32f405xx.o [1]
  .text              ro code   0x800'1bf0     0x4  startup_stm32f405xx.o [1]
  .text              ro code   0x800'1bf4     0x4  startup_stm32f405xx.o [1]
  .text              ro code   0x800'1bf8     0x4  startup_stm32f405xx.o [1]
  .text              ro code   0x800'1bfc     0x4  startup_stm32f405xx.o [1]
  .text              ro code   0x800'1c00     0x4  startup_stm32f405xx.o [1]
  .text              ro code   0x800'1c04     0x4  startup_stm32f405xx.o [1]
  .text              ro code   0x800'1c08     0x4  startup_stm32f405xx.o [1]
  .text              ro code   0x800'1c0c     0x4  startup_stm32f405xx.o [1]
  .text              ro code   0x800'1c10     0x4  startup_stm32f405xx.o [1]
  .text              ro code   0x800'1c14     0x4  startup_stm32f405xx.o [1]
  .text              ro code   0x800'1c18     0x4  startup_stm32f405xx.o [1]
  .text              ro code   0x800'1c1c     0x4  startup_stm32f405xx.o [1]
  .text              ro code   0x800'1c20     0x4  startup_stm32f405xx.o [1]
  .text              ro code   0x800'1c24     0x4  startup_stm32f405xx.o [1]
  .text              ro code   0x800'1c28     0x4  startup_stm32f405xx.o [1]
  .text              ro code   0x800'1c2c     0x4  startup_stm32f405xx.o [1]
  .text              ro code   0x800'1c30     0x4  startup_stm32f405xx.o [1]
  .text              ro code   0x800'1c34     0x4  startup_stm32f405xx.o [1]
  .text              ro code   0x800'1c38     0x4  startup_stm32f405xx.o [1]
  .text              ro code   0x800'1c3c     0x4  startup_stm32f405xx.o [1]
  .text              ro code   0x800'1c40     0x4  startup_stm32f405xx.o [1]
  .text              ro code   0x800'1c44     0x4  startup_stm32f405xx.o [1]
  .text              ro code   0x800'1c48     0x4  startup_stm32f405xx.o [1]
  .text              ro code   0x800'1c4c     0x4  startup_stm32f405xx.o [1]
  .text              ro code   0x800'1c50     0x4  startup_stm32f405xx.o [1]
  .text              ro code   0x800'1c54     0x4  startup_stm32f405xx.o [1]
  .text              ro code   0x800'1c58     0x4  startup_stm32f405xx.o [1]
  .text              ro code   0x800'1c5c     0x4  startup_stm32f405xx.o [1]
  .text              ro code   0x800'1c60     0x4  startup_stm32f405xx.o [1]
  .text              ro code   0x800'1c64     0x4  startup_stm32f405xx.o [1]
  .text              ro code   0x800'1c68     0x4  startup_stm32f405xx.o [1]
  .text              ro code   0x800'1c6c     0x4  startup_stm32f405xx.o [1]
  .text              ro code   0x800'1c70     0x4  startup_stm32f405xx.o [1]
  .text              ro code   0x800'1c74     0x4  startup_stm32f405xx.o [1]
  .text              ro code   0x800'1c78     0x4  startup_stm32f405xx.o [1]
  .text              ro code   0x800'1c7c     0x4  startup_stm32f405xx.o [1]
  .text              ro code   0x800'1c80     0x4  startup_stm32f405xx.o [1]
  .text              ro code   0x800'1c84     0x4  startup_stm32f405xx.o [1]
  .text              ro code   0x800'1c88     0x4  startup_stm32f405xx.o [1]
  .text              ro code   0x800'1c8c     0x4  startup_stm32f405xx.o [1]
  .text              ro code   0x800'1c90     0x4  startup_stm32f405xx.o [1]
  .text              ro code   0x800'1c94     0x4  startup_stm32f405xx.o [1]
  .text              ro code   0x800'1c98     0x4  startup_stm32f405xx.o [1]
  .text              ro code   0x800'1c9c     0x4  startup_stm32f405xx.o [1]
  .text              ro code   0x800'1ca0     0x4  startup_stm32f405xx.o [1]
  .text              ro code   0x800'1ca4     0x4  startup_stm32f405xx.o [1]
  .text              ro code   0x800'1ca8     0x4  startup_stm32f405xx.o [1]
  .text              ro code   0x800'1cac     0x4  startup_stm32f405xx.o [1]
  .text              ro code   0x800'1cb0     0x4  startup_stm32f405xx.o [1]
  .text              ro code   0x800'1cb4     0x4  startup_stm32f405xx.o [1]
  .text              ro code   0x800'1cb8     0x4  startup_stm32f405xx.o [1]
  .text              ro code   0x800'1cbc     0x4  startup_stm32f405xx.o [1]
  .text              ro code   0x800'1cc0     0x4  startup_stm32f405xx.o [1]
  .text              ro code   0x800'1cc4     0x4  startup_stm32f405xx.o [1]
  .text              ro code   0x800'1cc8     0x4  startup_stm32f405xx.o [1]
  .text              ro code   0x800'1ccc     0x4  startup_stm32f405xx.o [1]
  .text              ro code   0x800'1cd0     0x4  startup_stm32f405xx.o [1]
  .text              ro code   0x800'1cd4     0x4  startup_stm32f405xx.o [1]
  .text              ro code   0x800'1cd8     0x4  startup_stm32f405xx.o [1]
  .text              ro code   0x800'1cdc     0x4  startup_stm32f405xx.o [1]
  .text              ro code   0x800'1ce0     0x4  startup_stm32f405xx.o [1]
  .text              ro code   0x800'1ce4     0x4  startup_stm32f405xx.o [1]
  .text              ro code   0x800'1ce8     0x4  startup_stm32f405xx.o [1]
  .text              ro code   0x800'1cec     0x4  startup_stm32f405xx.o [1]
  .text              ro code   0x800'1cf0     0x4  startup_stm32f405xx.o [1]
  .text              ro code   0x800'1cf4     0x4  startup_stm32f405xx.o [1]
  .text              ro code   0x800'1cf8     0x4  startup_stm32f405xx.o [1]
  .text              ro code   0x800'1cfc     0x4  startup_stm32f405xx.o [1]
  .text              ro code   0x800'1d00     0x4  startup_stm32f405xx.o [1]
  .text              ro code   0x800'1d04     0x4  startup_stm32f405xx.o [1]
  .text              ro code   0x800'1d08     0x4  startup_stm32f405xx.o [1]
  .text              ro code   0x800'1d0c     0x4  startup_stm32f405xx.o [1]
  .text              ro code   0x800'1d10     0x4  startup_stm32f405xx.o [1]
  .text              ro code   0x800'1d14     0x4  startup_stm32f405xx.o [1]
  .text              ro code   0x800'1d18     0x4  startup_stm32f405xx.o [1]
  .text              ro code   0x800'1d1c     0x4  startup_stm32f405xx.o [1]
  .rodata            const     0x800'1d20     0x0  zero_init3.o [4]
  .rodata            const     0x800'1d20     0x0  copy_init3.o [4]
                             - 0x800'1d20  0x1b98

"P2", part 1 of 3:                           0x10
  P2-1                        0x2000'0000    0x10  <Init block>
    .data            inited   0x2000'0000     0xc  stm32f4xx_hal.o [1]
    .data            inited   0x2000'000c     0x4  system_stm32f4xx.o [1]
                            - 0x2000'0010    0x10

"P2", part 2 of 3:                           0xe8
  .bss               zero     0x2000'0010    0x60  adc.o [1]
  .bss               zero     0x2000'0070    0x48  adc.o [1]
  .bss               zero     0x2000'00b8    0x40  tim.o [1]
                            - 0x2000'00f8    0xe8

"P2", part 3 of 3:                          0x400
  CSTACK                      0x2000'00f8   0x400  <Block>
    CSTACK           uninit   0x2000'00f8   0x400  <Block tail>
                            - 0x2000'04f8   0x400

Unused ranges:

         From           To      Size
         ----           --      ----
   0x800'1d20   0x80f'ffff  0xf'e2e0
  0x2000'04f8  0x2001'ffff  0x1'fb08


*******************************************************************************
*** INIT TABLE
***

          Address      Size
          -------      ----
Zero (__iar_zero_init3)
    1 destination range, total size 0xe8:
          0x2000'0010  0xe8

Copy (__iar_copy_init3)
    1 source range, total size 0x10:
           0x800'1bd0  0x10
    1 destination range, total size 0x10:
          0x2000'0000  0x10



*******************************************************************************
*** MODULE SUMMARY
***

    Module                  ro code  ro data  rw data
    ------                  -------  -------  -------
command line/config:
    -------------------------------------------------
    Total:

H:\arm_yj\test\EWARM\test\Obj: [1]
    adc.o                       300               168
    dma.o                        52
    gpio.o                      180
    main.o                      230
    startup_stm32f405xx.o       716
    stm32f4xx_hal.o             184       12       12
    stm32f4xx_hal_adc.o         692
    stm32f4xx_hal_cortex.o      196
    stm32f4xx_hal_dma.o         736
    stm32f4xx_hal_gpio.o        484
    stm32f4xx_hal_msp.o          56
    stm32f4xx_hal_rcc.o       1'168
    stm32f4xx_hal_tim.o       1'104
    stm32f4xx_hal_tim_ex.o      224
    stm32f4xx_it.o               32
    system_stm32f4xx.o           44        4        4
    tim.o                       348                64
    -------------------------------------------------
    Total:                    6'746       16      248

dl7M_tln.a: [2]
    exit.o                        4
    low_level_init.o              4
    -------------------------------------------------
    Total:                        8

m7M_tls.a: [3]
    fpinit_M.o                   34
    -------------------------------------------------
    Total:                       34

rt7M_tl.a: [4]
    ABImemset.o                 102
    I64DivMod_small.o           262
    I64DivZer.o                   2
    cexit.o                      10
    cmain.o                      30
    copy_init3.o                 46
    cstartup_M.o                 12
    data_init.o                  40
    memset.o                     20
    zero_init3.o                 58
    -------------------------------------------------
    Total:                      582

shb_l.a: [5]
    exit.o                       20
    -------------------------------------------------
    Total:                       20

    Gaps                         12        2
    Linker created                        36    1'024
-----------------------------------------------------
    Grand Total:              7'402       54    1'272


*******************************************************************************
*** ENTRY LIST
***

Entry                       Address   Size  Type      Object
-----                       -------   ----  ----      ------
.iar.init_table$$Base    0x800'1b24          --   Gb  - Linker created -
.iar.init_table$$Limit   0x800'1b48          --   Gb  - Linker created -
?main                    0x800'1b79         Code  Gb  cmain.o [4]
AHBPrescTable            0x800'1ac8   0x10  Data  Gb  system_stm32f4xx.o [1]
BusFault_Handler         0x800'1b4f    0x2  Code  Gb  stm32f4xx_it.o [1]
CSTACK$$Base            0x2000'00f8          --   Gb  - Linker created -
CSTACK$$Limit           0x2000'04f8          --   Gb  - Linker created -
DMA2_Stream0_IRQHandler
                         0x800'1b5d    0x6  Code  Gb  stm32f4xx_it.o [1]
DMA_CalcBaseAndBitshift
                         0x800'1965   0x26  Code  Lc  stm32f4xx_hal_dma.o [1]
DMA_CalcBaseAndBitshift::flagBitshiftOffset
                         0x800'198c    0x8  Data  Lc  stm32f4xx_hal_dma.o [1]
DebugMon_Handler         0x800'1b55    0x2  Code  Gb  stm32f4xx_it.o [1]
Error_Handler            0x800'0895    0x2  Code  Gb  main.o [1]
HAL_ADC_ConfigChannel    0x800'1569  0x110  Code  Gb  stm32f4xx_hal_adc.o [1]
HAL_ADC_Init             0x800'1401  0x154  Code  Gb  stm32f4xx_hal_adc.o [1]
HAL_ADC_MspInit          0x800'0d59   0x96  Code  Gb  adc.o [1]
HAL_DMA_IRQHandler       0x800'17a3  0x188  Code  Gb  stm32f4xx_hal_dma.o [1]
HAL_DMA_Init             0x800'16b5   0xee  Code  Gb  stm32f4xx_hal_dma.o [1]
HAL_Delay                0x800'0e0d   0x28  Code  Wk  stm32f4xx_hal.o [1]
HAL_GPIO_Init            0x800'0979  0x1ae  Code  Gb  stm32f4xx_hal_gpio.o [1]
HAL_GPIO_WritePin        0x800'0b27    0x8  Code  Gb  stm32f4xx_hal_gpio.o [1]
HAL_GetTick              0x800'1995    0xc  Code  Wk  stm32f4xx_hal.o [1]
HAL_IncTick              0x800'1b69   0x10  Code  Wk  stm32f4xx_hal.o [1]
HAL_Init                 0x800'0bc5   0x30  Code  Gb  stm32f4xx_hal.o [1]
HAL_InitTick             0x800'1389   0x40  Code  Wk  stm32f4xx_hal.o [1]
HAL_MspInit              0x800'13c9   0x38  Code  Gb  stm32f4xx_hal_msp.o [1]
HAL_NVIC_EnableIRQ       0x800'1333   0x16  Code  Gb  stm32f4xx_hal_cortex.o [1]
HAL_NVIC_SetPriority     0x800'12f9   0x3a  Code  Gb  stm32f4xx_hal_cortex.o [1]
HAL_NVIC_SetPriorityGrouping
                         0x800'12df   0x1a  Code  Gb  stm32f4xx_hal_cortex.o [1]
HAL_RCC_ClockConfig      0x800'1145  0x100  Code  Gb  stm32f4xx_hal_rcc.o [1]
HAL_RCC_OscConfig        0x800'0e35  0x310  Code  Wk  stm32f4xx_hal_rcc.o [1]
HAL_SYSTICK_Config       0x800'1349   0x28  Code  Gb  stm32f4xx_hal_cortex.o [1]
HAL_TIMEx_ConfigBreakDeadTime
                         0x800'0925   0x54  Code  Gb  stm32f4xx_hal_tim_ex.o [1]
HAL_TIMEx_MasterConfigSynchronization
                         0x800'0899   0x6e  Code  Gb  stm32f4xx_hal_tim_ex.o [1]
HAL_TIM_Base_Init        0x800'0189   0x1a  Code  Gb  stm32f4xx_hal_tim.o [1]
HAL_TIM_Base_MspInit     0x800'06e1   0x26  Code  Gb  tim.o [1]
HAL_TIM_ConfigClockSource
                         0x800'0279   0x90  Code  Gb  stm32f4xx_hal_tim.o [1]
HAL_TIM_MspPostInit      0x800'0707   0x50  Code  Gb  tim.o [1]
HAL_TIM_OC_ConfigChannel
                         0x800'0231   0x48  Code  Gb  stm32f4xx_hal_tim.o [1]
HAL_TIM_OC_Init          0x800'01a3   0x18  Code  Gb  stm32f4xx_hal_tim.o [1]
HAL_TIM_PWM_Start        0x800'01ef   0x14  Code  Gb  stm32f4xx_hal_tim.o [1]
HardFault_Handler        0x800'1b4b    0x2  Code  Gb  stm32f4xx_it.o [1]
MX_ADC1_Init             0x800'0ce1   0x78  Code  Gb  adc.o [1]
MX_DMA_Init              0x800'0cad   0x34  Code  Gb  dma.o [1]
MX_GPIO_Init             0x800'0bf9   0x96  Code  Gb  gpio.o [1]
MX_TIM1_Init             0x800'0611   0xd0  Code  Gb  tim.o [1]
MemManage_Handler        0x800'1b4d    0x2  Code  Gb  stm32f4xx_it.o [1]
NMI_Handler              0x800'1b49    0x2  Code  Gb  stm32f4xx_it.o [1]
PendSV_Handler           0x800'1b57    0x2  Code  Gb  stm32f4xx_it.o [1]
Region$$Table$$Base      0x800'1b24          --   Gb  - Linker created -
Region$$Table$$Limit     0x800'1b48          --   Gb  - Linker created -
SVC_Handler              0x800'1b53    0x2  Code  Gb  stm32f4xx_it.o [1]
SysTick_Handler          0x800'1b59    0x4  Code  Gb  stm32f4xx_it.o [1]
SystemClock_Config       0x800'07ed   0x96  Code  Gb  main.o [1]
SystemCoreClock         0x2000'000c    0x4  Data  Gb  system_stm32f4xx.o [1]
SystemInit               0x800'1aad   0x14  Code  Gb  system_stm32f4xx.o [1]
TIM_Base_SetConfig       0x800'0333   0x96  Code  Gb  stm32f4xx_hal_tim.o [1]
TIM_CCxChannelCmd        0x800'05bb   0x16  Code  Gb  stm32f4xx_hal_tim.o [1]
TIM_ETR_SetConfig        0x800'05a7   0x14  Code  Gb  stm32f4xx_hal_tim.o [1]
TIM_ITRx_SetConfig       0x800'0597   0x10  Code  Lc  stm32f4xx_hal_tim.o [1]
TIM_OC1_SetConfig        0x800'03c9   0x58  Code  Lc  stm32f4xx_hal_tim.o [1]
TIM_OC2_SetConfig        0x800'0421   0x60  Code  Gb  stm32f4xx_hal_tim.o [1]
TIM_OC3_SetConfig        0x800'0481   0x5e  Code  Lc  stm32f4xx_hal_tim.o [1]
TIM_OC4_SetConfig        0x800'04df   0x46  Code  Lc  stm32f4xx_hal_tim.o [1]
TIM_TI1_ConfigInputStage
                         0x800'0555   0x1e  Code  Lc  stm32f4xx_hal_tim.o [1]
TIM_TI2_ConfigInputStage
                         0x800'0573   0x24  Code  Lc  stm32f4xx_hal_tim.o [1]
UsageFault_Handler       0x800'1b51    0x2  Code  Gb  stm32f4xx_it.o [1]
__NVIC_SetPriority       0x800'12c5   0x1a  Code  Lc  stm32f4xx_hal_cortex.o [1]
__aeabi_ldiv0            0x800'1aa9         Code  Gb  I64DivZer.o [4]
__aeabi_memset           0x800'0b5d         Code  Gb  ABImemset.o [4]
__cmain                  0x800'1b79         Code  Gb  cmain.o [4]
__exit                   0x800'1bad   0x14  Code  Gb  exit.o [5]
__iar_Memset             0x800'0b5d         Code  Gb  ABImemset.o [4]
__iar_Memset_word        0x800'0b65         Code  Gb  ABImemset.o [4]
__iar_copy_init3         0x800'0783   0x2e  Code  Gb  copy_init3.o [4]
__iar_data_init3         0x800'1ad9   0x28  Code  Gb  data_init.o [4]
__iar_init_vfp           0x800'1b01         Code  Gb  fpinit_M.o [3]
__iar_program_start      0x800'1be1         Code  Gb  cstartup_M.o [4]
__iar_small_uldivmod     0x800'19a1         Code  Gb  I64DivMod_small.o [4]
__iar_zero_init3         0x800'05d7   0x3a  Code  Gb  zero_init3.o [4]
__low_level_init         0x800'1b97    0x4  Code  Gb  low_level_init.o [2]
__vector_table           0x800'0000         Data  Gb  startup_stm32f405xx.o [1]
_call_main               0x800'1b85         Code  Gb  cmain.o [4]
_exit                    0x800'1ba1         Code  Gb  cexit.o [4]
_main                    0x800'1b93         Code  Gb  cmain.o [4]
exit                     0x800'1b9b    0x4  Code  Gb  exit.o [2]
hadc1                   0x2000'0070   0x48  Data  Gb  adc.o [1]
hdma_adc1               0x2000'0010   0x60  Data  Gb  adc.o [1]
htim1                   0x2000'00b8   0x40  Data  Gb  tim.o [1]
main                     0x800'07b1   0x3c  Code  Gb  main.o [1]
memset                   0x800'076f   0x14  Code  Gb  memset.o [4]
uwTick                  0x2000'0004    0x4  Data  Gb  stm32f4xx_hal.o [1]
uwTickFreq              0x2000'0000    0x1  Data  Gb  stm32f4xx_hal.o [1]
uwTickPrio              0x2000'0008    0x4  Data  Gb  stm32f4xx_hal.o [1]


[1] = H:\arm_yj\test\EWARM\test\Obj
[2] = dl7M_tln.a
[3] = m7M_tls.a
[4] = rt7M_tl.a
[5] = shb_l.a

  7'402 bytes of readonly  code memory
     54 bytes of readonly  data memory
  1'272 bytes of readwrite data memory

Errors: none
Warnings: none
