###############################################################################
#
# IAR ELF Linker V8.50.4.261/W32 for ARM                  25/Jun/2020  10:34:56
# Copyright 2007-2020 IAR Systems AB.
#
#    Output file  =
#        H:\arm_yj\pwm_mot_lcd\EWARM\pwm_mot_lcd\Exe\pwm_mot_lcd.out
#    Map file     =
#        H:\arm_yj\pwm_mot_lcd\EWARM\pwm_mot_lcd\List\pwm_mot_lcd.map
#    Command line =
#        -f C:\Users\PKNU\AppData\Local\Temp\EW78DF.tmp
#        (H:\arm_yj\pwm_mot_lcd\EWARM\pwm_mot_lcd\Obj\gpio.o
#        H:\arm_yj\pwm_mot_lcd\EWARM\pwm_mot_lcd\Obj\lcd.o
#        H:\arm_yj\pwm_mot_lcd\EWARM\pwm_mot_lcd\Obj\main.o
#        H:\arm_yj\pwm_mot_lcd\EWARM\pwm_mot_lcd\Obj\startup_stm32f405xx.o
#        H:\arm_yj\pwm_mot_lcd\EWARM\pwm_mot_lcd\Obj\stm32f4xx_hal.o
#        H:\arm_yj\pwm_mot_lcd\EWARM\pwm_mot_lcd\Obj\stm32f4xx_hal_cortex.o
#        H:\arm_yj\pwm_mot_lcd\EWARM\pwm_mot_lcd\Obj\stm32f4xx_hal_dma.o
#        H:\arm_yj\pwm_mot_lcd\EWARM\pwm_mot_lcd\Obj\stm32f4xx_hal_dma_ex.o
#        H:\arm_yj\pwm_mot_lcd\EWARM\pwm_mot_lcd\Obj\stm32f4xx_hal_exti.o
#        H:\arm_yj\pwm_mot_lcd\EWARM\pwm_mot_lcd\Obj\stm32f4xx_hal_flash.o
#        H:\arm_yj\pwm_mot_lcd\EWARM\pwm_mot_lcd\Obj\stm32f4xx_hal_flash_ex.o
#        H:\arm_yj\pwm_mot_lcd\EWARM\pwm_mot_lcd\Obj\stm32f4xx_hal_flash_ramfunc.o
#        H:\arm_yj\pwm_mot_lcd\EWARM\pwm_mot_lcd\Obj\stm32f4xx_hal_gpio.o
#        H:\arm_yj\pwm_mot_lcd\EWARM\pwm_mot_lcd\Obj\stm32f4xx_hal_msp.o
#        H:\arm_yj\pwm_mot_lcd\EWARM\pwm_mot_lcd\Obj\stm32f4xx_hal_pwr.o
#        H:\arm_yj\pwm_mot_lcd\EWARM\pwm_mot_lcd\Obj\stm32f4xx_hal_pwr_ex.o
#        H:\arm_yj\pwm_mot_lcd\EWARM\pwm_mot_lcd\Obj\stm32f4xx_hal_rcc.o
#        H:\arm_yj\pwm_mot_lcd\EWARM\pwm_mot_lcd\Obj\stm32f4xx_hal_rcc_ex.o
#        H:\arm_yj\pwm_mot_lcd\EWARM\pwm_mot_lcd\Obj\stm32f4xx_hal_tim.o
#        H:\arm_yj\pwm_mot_lcd\EWARM\pwm_mot_lcd\Obj\stm32f4xx_hal_tim_ex.o
#        H:\arm_yj\pwm_mot_lcd\EWARM\pwm_mot_lcd\Obj\stm32f4xx_it.o
#        H:\arm_yj\pwm_mot_lcd\EWARM\pwm_mot_lcd\Obj\system_stm32f4xx.o
#        H:\arm_yj\pwm_mot_lcd\EWARM\pwm_mot_lcd\Obj\tim.o --redirect
#        _Printf=_PrintfFull --redirect _Scanf=_ScanfFull --no_out_extension -o
#        H:\arm_yj\pwm_mot_lcd\EWARM\pwm_mot_lcd\Exe\pwm_mot_lcd.out --map
#        H:\arm_yj\pwm_mot_lcd\EWARM\pwm_mot_lcd\List\pwm_mot_lcd.map --config
#        H:\arm_yj\pwm_mot_lcd\EWARM/stm32f405xx_flash.icf --semihosting
#        --entry __iar_program_start --vfe --text_out locale)
#
###############################################################################

*******************************************************************************
*** RUNTIME MODEL ATTRIBUTES
***

CppFlavor       = *
__SystemLibrary = DLib
__dlib_version  = 6


*******************************************************************************
*** HEAP SELECTION
***

The basic heap was selected because no calls to memory allocation
functions were found in the application outside of system library
functions, and there are calls to deallocation functions in the
application.


*******************************************************************************
*** PLACEMENT SUMMARY
***

"A0":  place at address 0x800'0000 { ro section .intvec };
"P1":  place in [from 0x800'0000 to 0x80f'ffff] { ro };
define block CSTACK with size = 1K, alignment = 8 { };
define block HEAP with size = 512, alignment = 8 { };
"P2":  place in [from 0x2000'0000 to 0x2001'ffff] {
          rw, block CSTACK, block HEAP };
initialize by copy { rw };

  Section            Kind         Address    Size  Object
  -------            ----         -------    ----  ------
"A0":                                       0x188
  .intvec            ro code   0x800'0000   0x188  startup_stm32f405xx.o [1]
                             - 0x800'0188   0x188

"P1":                                      0x348d
  .text              ro code   0x800'0188  0x10c6  xprintffull.o [2]
  .text              ro code   0x800'124e    0x3a  zero_init3.o [4]
  .text              ro code   0x800'1288    0x7c  xlocale_c.o [2]
  .text              ro code   0x800'1304    0x16  strchr.o [4]
  .text              ro code   0x800'131a    0x1e  xencoding_8859_1.o [2]
  .text              ro code   0x800'1338    0x40  xfail_s.o [2]
  .text              ro code   0x800'1378    0x36  strlen.o [4]
  .text              ro code   0x800'13ae     0xa  xsprout.o [2]
  .text              ro code   0x800'13b8    0x58  memchr.o [4]
  .text              ro code   0x800'1410    0xa6  ABImemcpy.o [4]
  .rodata            const     0x800'14b6     0x2  xlocale_c.o [2]
  .text              ro code   0x800'14b8    0x70  frexp.o [3]
  .text              ro code   0x800'1528    0x2e  DblCmpLe.o [3]
  .rodata            const     0x800'1556     0x2  xlocale_c.o [2]
  .text              ro code   0x800'1558    0x2e  DblCmpGe.o [3]
  .rodata            const     0x800'1586     0x1  xlocale_c.o [2]
  .text              ro code   0x800'1588   0x13a  ldexp.o [3]
  .text              ro code   0x800'16c4    0x3a  DblToS32.o [3]
  .text              ro code   0x800'1700    0x22  S32ToDbl.o [3]
  .text              ro code   0x800'1724    0xe2  DblSub.o [3]
  .text              ro code   0x800'1808   0x246  DblDiv.o [3]
  .text              ro code   0x800'1a50    0x28  DblToU32.o [3]
  .text              ro code   0x800'1a78    0x1a  U32ToDbl.o [3]
  .text              ro code   0x800'1a94   0x1a2  DblMul.o [3]
  .text              ro code   0x800'1c36     0xa  xmbcurmax.o [2]
  .text              ro code   0x800'1c40   0x106  I64DivMod_small.o [4]
  .text              ro code   0x800'1d46     0x6  abort.o [2]
  .text              ro code   0x800'1d4c   0x16a  DblAdd.o [3]
  .text              ro code   0x800'1eb8     0x2  I64DivZer.o [4]
  .text              ro code   0x800'1ebc    0x14  exit.o [5]
  .text              ro code   0x800'1ed0   0x4f6  stm32f4xx_hal_tim.o [1]
  .text              ro code   0x800'23c8   0x128  tim.o [1]
  .text              ro code   0x800'24f0     0x2  stm32f4xx_hal_tim.o [1]
  .text              ro code   0x800'24f2    0x14  memset.o [4]
  .text              ro code   0x800'2508   0x148  main.o [1]
  .text              ro code   0x800'2650    0x8c  stm32f4xx_hal_tim_ex.o [1]
  .text              ro code   0x800'26dc   0x1e4  stm32f4xx_hal_gpio.o [1]
  .text              ro code   0x800'28c0    0x66  ABImemset.o [4]
  .text              ro code   0x800'2928    0x34  stm32f4xx_hal.o [1]
  .text              ro code   0x800'295c    0xb8  gpio.o [1]
  .text              ro code   0x800'2a14   0x2e6  lcd.o [1]
  .text              ro code   0x800'2cfc    0x40  sprintf.o [2]
  .text              ro code   0x800'2d3c    0x28  stm32f4xx_hal.o [1]
  .text              ro code   0x800'2d64   0x310  stm32f4xx_hal_rcc.o [1]
  .text              ro code   0x800'3074   0x180  stm32f4xx_hal_rcc.o [1]
  .text              ro code   0x800'31f4    0xac  stm32f4xx_hal_cortex.o [1]
  .text              ro code   0x800'32a0    0x40  stm32f4xx_hal.o [1]
  .text              ro code   0x800'32e0    0x38  stm32f4xx_hal_msp.o [1]
  .text              ro code   0x800'3318     0xc  stm32f4xx_hal.o [1]
  .text              ro code   0x800'3324    0x78  lz77_init_single.o [4]
  .text              ro code   0x800'339c    0x2c  system_stm32f4xx.o [1]
  .text              ro code   0x800'33c8    0x28  data_init.o [4]
  .text              ro code   0x800'33f0    0x22  fpinit_M.o [3]
  .iar.init_table    const     0x800'3414    0x20  - Linker created -
  .text              ro code   0x800'3434    0x1e  cmain.o [4]
  .text              ro code   0x800'3452     0x4  low_level_init.o [2]
  .text              ro code   0x800'3456     0x4  exit.o [2]
  .text              ro code   0x800'345c     0xa  cexit.o [4]
  .text              ro code   0x800'3466    0x14  stm32f4xx_it.o [1]
  .text              ro code   0x800'347c    0x10  stm32f4xx_hal.o [1]
  .text              ro code   0x800'348c    0x10  startup_stm32f405xx.o [1]
  .text              ro code   0x800'349c     0xc  cstartup_M.o [4]
  .text              ro code   0x800'34a8     0x4  startup_stm32f405xx.o [1]
  .text              ro code   0x800'34ac     0x4  startup_stm32f405xx.o [1]
  .text              ro code   0x800'34b0     0x4  startup_stm32f405xx.o [1]
  .text              ro code   0x800'34b4     0x4  startup_stm32f405xx.o [1]
  .text              ro code   0x800'34b8     0x4  startup_stm32f405xx.o [1]
  .text              ro code   0x800'34bc     0x4  startup_stm32f405xx.o [1]
  .text              ro code   0x800'34c0     0x4  startup_stm32f405xx.o [1]
  .text              ro code   0x800'34c4     0x4  startup_stm32f405xx.o [1]
  .text              ro code   0x800'34c8     0x4  startup_stm32f405xx.o [1]
  .text              ro code   0x800'34cc     0x4  startup_stm32f405xx.o [1]
  .text              ro code   0x800'34d0     0x4  startup_stm32f405xx.o [1]
  .text              ro code   0x800'34d4     0x4  startup_stm32f405xx.o [1]
  .text              ro code   0x800'34d8     0x4  startup_stm32f405xx.o [1]
  .text              ro code   0x800'34dc     0x4  startup_stm32f405xx.o [1]
  .text              ro code   0x800'34e0     0x4  startup_stm32f405xx.o [1]
  .text              ro code   0x800'34e4     0x4  startup_stm32f405xx.o [1]
  .text              ro code   0x800'34e8     0x4  startup_stm32f405xx.o [1]
  .text              ro code   0x800'34ec     0x4  startup_stm32f405xx.o [1]
  .text              ro code   0x800'34f0     0x4  startup_stm32f405xx.o [1]
  .text              ro code   0x800'34f4     0x4  startup_stm32f405xx.o [1]
  .text              ro code   0x800'34f8     0x4  startup_stm32f405xx.o [1]
  .text              ro code   0x800'34fc     0x4  startup_stm32f405xx.o [1]
  .text              ro code   0x800'3500     0x4  startup_stm32f405xx.o [1]
  .text              ro code   0x800'3504     0x4  startup_stm32f405xx.o [1]
  .text              ro code   0x800'3508     0x4  startup_stm32f405xx.o [1]
  .text              ro code   0x800'350c     0x4  startup_stm32f405xx.o [1]
  .text              ro code   0x800'3510     0x4  startup_stm32f405xx.o [1]
  .text              ro code   0x800'3514     0x4  startup_stm32f405xx.o [1]
  .text              ro code   0x800'3518     0x4  startup_stm32f405xx.o [1]
  .text              ro code   0x800'351c     0x4  startup_stm32f405xx.o [1]
  .text              ro code   0x800'3520     0x4  startup_stm32f405xx.o [1]
  .text              ro code   0x800'3524     0x4  startup_stm32f405xx.o [1]
  .text              ro code   0x800'3528     0x4  startup_stm32f405xx.o [1]
  .text              ro code   0x800'352c     0x4  startup_stm32f405xx.o [1]
  .text              ro code   0x800'3530     0x4  startup_stm32f405xx.o [1]
  .text              ro code   0x800'3534     0x4  startup_stm32f405xx.o [1]
  .text              ro code   0x800'3538     0x4  startup_stm32f405xx.o [1]
  .text              ro code   0x800'353c     0x4  startup_stm32f405xx.o [1]
  .text              ro code   0x800'3540     0x4  startup_stm32f405xx.o [1]
  .text              ro code   0x800'3544     0x4  startup_stm32f405xx.o [1]
  .text              ro code   0x800'3548     0x4  startup_stm32f405xx.o [1]
  .text              ro code   0x800'354c     0x4  startup_stm32f405xx.o [1]
  .text              ro code   0x800'3550     0x4  startup_stm32f405xx.o [1]
  .text              ro code   0x800'3554     0x4  startup_stm32f405xx.o [1]
  .text              ro code   0x800'3558     0x4  startup_stm32f405xx.o [1]
  .text              ro code   0x800'355c     0x4  startup_stm32f405xx.o [1]
  .text              ro code   0x800'3560     0x4  startup_stm32f405xx.o [1]
  .text              ro code   0x800'3564     0x4  startup_stm32f405xx.o [1]
  .text              ro code   0x800'3568     0x4  startup_stm32f405xx.o [1]
  .text              ro code   0x800'356c     0x4  startup_stm32f405xx.o [1]
  .text              ro code   0x800'3570     0x4  startup_stm32f405xx.o [1]
  .text              ro code   0x800'3574     0x4  startup_stm32f405xx.o [1]
  .text              ro code   0x800'3578     0x4  startup_stm32f405xx.o [1]
  .text              ro code   0x800'357c     0x4  startup_stm32f405xx.o [1]
  .text              ro code   0x800'3580     0x4  startup_stm32f405xx.o [1]
  .text              ro code   0x800'3584     0x4  startup_stm32f405xx.o [1]
  .text              ro code   0x800'3588     0x4  startup_stm32f405xx.o [1]
  .text              ro code   0x800'358c     0x4  startup_stm32f405xx.o [1]
  .text              ro code   0x800'3590     0x4  startup_stm32f405xx.o [1]
  .text              ro code   0x800'3594     0x4  startup_stm32f405xx.o [1]
  .text              ro code   0x800'3598     0x4  startup_stm32f405xx.o [1]
  .text              ro code   0x800'359c     0x4  startup_stm32f405xx.o [1]
  .text              ro code   0x800'35a0     0x4  startup_stm32f405xx.o [1]
  .text              ro code   0x800'35a4     0x4  startup_stm32f405xx.o [1]
  .text              ro code   0x800'35a8     0x4  startup_stm32f405xx.o [1]
  .text              ro code   0x800'35ac     0x4  startup_stm32f405xx.o [1]
  .text              ro code   0x800'35b0     0x4  startup_stm32f405xx.o [1]
  .text              ro code   0x800'35b4     0x4  startup_stm32f405xx.o [1]
  .text              ro code   0x800'35b8     0x4  startup_stm32f405xx.o [1]
  .text              ro code   0x800'35bc     0x4  startup_stm32f405xx.o [1]
  .text              ro code   0x800'35c0     0x4  startup_stm32f405xx.o [1]
  .text              ro code   0x800'35c4     0x4  startup_stm32f405xx.o [1]
  .text              ro code   0x800'35c8     0x4  startup_stm32f405xx.o [1]
  .text              ro code   0x800'35cc     0x4  startup_stm32f405xx.o [1]
  .text              ro code   0x800'35d0     0x4  startup_stm32f405xx.o [1]
  .text              ro code   0x800'35d4     0x4  startup_stm32f405xx.o [1]
  .text              ro code   0x800'35d8     0x4  startup_stm32f405xx.o [1]
  .text              ro code   0x800'35dc     0x4  startup_stm32f405xx.o [1]
  .rodata            const     0x800'35e0     0x0  zero_init3.o [4]
  .rodata            const     0x800'35e0     0x0  lz77_init_single.o [4]
  Initializer bytes  const     0x800'35e0    0x35  <for P2-1>
                             - 0x800'3615  0x348d

"P2", part 1 of 3:                           0x90
  P2-1                        0x2000'0000    0x90  <Init block>
    .data            inited   0x2000'0000     0xc  stm32f4xx_hal.o [1]
    .data            inited   0x2000'000c     0x4  system_stm32f4xx.o [1]
    .data            inited   0x2000'0010    0x38  xlocale_c.o [2]
    .data            inited   0x2000'0048    0x48  xlocale_c.o [2]
                            - 0x2000'0090    0x90

"P2", part 2 of 3:                           0x50
  .bss               zero     0x2000'0090    0x40  tim.o [1]
  .bss               zero     0x2000'00d0     0xc  main.o [1]
  .bss               zero     0x2000'00dc     0x4  xfail_s.o [2]
                            - 0x2000'00e0    0x50

"P2", part 3 of 3:                          0x400
  CSTACK                      0x2000'00e0   0x400  <Block>
    CSTACK           uninit   0x2000'00e0   0x400  <Block tail>
                            - 0x2000'04e0   0x400

Unused ranges:

         From           To      Size
         ----           --      ----
   0x800'3615   0x80f'ffff  0xf'c9eb
  0x2000'04e0  0x2001'ffff  0x1'fb20


*******************************************************************************
*** INIT TABLE
***

          Address      Size
          -------      ----
Zero (__iar_zero_init3)
    1 destination range, total size 0x50:
          0x2000'0090  0x50

Copy/lz77 (__iar_lz77_init_single3)
    1 source range, total size 0x35 (36% of destination):
           0x800'35e0  0x35
    1 destination range, total size 0x90:
          0x2000'0000  0x90



*******************************************************************************
*** MODULE SUMMARY
***

    Module                  ro code  ro data  rw data
    ------                  -------  -------  -------
command line/config:
    -------------------------------------------------
    Total:

H:\arm_yj\pwm_mot_lcd\EWARM\pwm_mot_lcd\Obj: [1]
    gpio.o                      184
    lcd.o                       742
    main.o                      328                12
    startup_stm32f405xx.o       720
    stm32f4xx_hal.o             184        4       12
    stm32f4xx_hal_cortex.o      172
    stm32f4xx_hal_gpio.o        484
    stm32f4xx_hal_msp.o          56
    stm32f4xx_hal_rcc.o       1'168
    stm32f4xx_hal_tim.o       1'272
    stm32f4xx_hal_tim_ex.o      140
    stm32f4xx_it.o               20
    system_stm32f4xx.o           44        1        4
    tim.o                       296                64
    -------------------------------------------------
    Total:                    5'810        5       92

dl7M_tlf.a: [2]
    abort.o                       6
    exit.o                        4
    low_level_init.o              4
    sprintf.o                    64
    xencoding_8859_1.o           30
    xfail_s.o                    64                 4
    xlocale_c.o                 124       53      128
    xmbcurmax.o                  10
    xprintffull.o             4'294
    xsprout.o                    10
    -------------------------------------------------
    Total:                    4'610       53      132

m7M_tls.a: [3]
    DblAdd.o                    362
    DblCmpGe.o                   46
    DblCmpLe.o                   46
    DblDiv.o                    582
    DblMul.o                    418
    DblSub.o                    226
    DblToS32.o                   58
    DblToU32.o                   40
    S32ToDbl.o                   34
    U32ToDbl.o                   26
    fpinit_M.o                   34
    frexp.o                     112
    ldexp.o                     314
    -------------------------------------------------
    Total:                    2'298

rt7M_tl.a: [4]
    ABImemcpy.o                 166
    ABImemset.o                 102
    I64DivMod_small.o           262
    I64DivZer.o                   2
    cexit.o                      10
    cmain.o                      30
    cstartup_M.o                 12
    data_init.o                  40
    lz77_init_single.o          120
    memchr.o                     88
    memset.o                     20
    strchr.o                     22
    strlen.o                     54
    zero_init3.o                 58
    -------------------------------------------------
    Total:                      986

shb_l.a: [5]
    exit.o                       20
    -------------------------------------------------
    Total:                       20

    Gaps                         29        2
    Linker created                        32    1'024
-----------------------------------------------------
    Grand Total:             13'753       92    1'248


*******************************************************************************
*** ENTRY LIST
***

Entry                       Address   Size  Type      Object
-----                       -------   ----  ----      ------
.iar.init_table$$Base    0x800'3414          --   Gb  - Linker created -
.iar.init_table$$Limit   0x800'3434          --   Gb  - Linker created -
?main                    0x800'3435         Code  Gb  cmain.o [4]
AHBPrescTable            0x800'33b8   0x10  Data  Gb  system_stm32f4xx.o [1]
BusFault_Handler         0x800'346d    0x2  Code  Gb  stm32f4xx_it.o [1]
CSTACK$$Base            0x2000'00e0          --   Gb  - Linker created -
CSTACK$$Limit           0x2000'04e0          --   Gb  - Linker created -
CacheMore                0x800'128d   0x28  Code  Lc  xlocale_c.o [2]
DebugMon_Handler         0x800'3473    0x2  Code  Gb  stm32f4xx_it.o [1]
Error_Handler            0x800'2645    0x2  Code  Gb  main.o [1]
HAL_Delay                0x800'2d3d   0x28  Code  Wk  stm32f4xx_hal.o [1]
HAL_GPIO_Init            0x800'26dd  0x1ae  Code  Gb  stm32f4xx_hal_gpio.o [1]
HAL_GPIO_WritePin        0x800'288b    0x8  Code  Gb  stm32f4xx_hal_gpio.o [1]
HAL_GetTick              0x800'3319    0xc  Code  Wk  stm32f4xx_hal.o [1]
HAL_IncTick              0x800'347d   0x10  Code  Wk  stm32f4xx_hal.o [1]
HAL_Init                 0x800'2929   0x30  Code  Gb  stm32f4xx_hal.o [1]
HAL_InitTick             0x800'32a1   0x40  Code  Wk  stm32f4xx_hal.o [1]
HAL_MspInit              0x800'32e1   0x38  Code  Gb  stm32f4xx_hal_msp.o [1]
HAL_NVIC_SetPriority     0x800'3229   0x3a  Code  Gb  stm32f4xx_hal_cortex.o [1]
HAL_NVIC_SetPriorityGrouping
                         0x800'320f   0x1a  Code  Gb  stm32f4xx_hal_cortex.o [1]
HAL_RCC_ClockConfig      0x800'3075  0x100  Code  Gb  stm32f4xx_hal_rcc.o [1]
HAL_RCC_OscConfig        0x800'2d65  0x310  Code  Wk  stm32f4xx_hal_rcc.o [1]
HAL_SYSTICK_Config       0x800'3263   0x28  Code  Gb  stm32f4xx_hal_cortex.o [1]
HAL_TIMEx_MasterConfigSynchronization
                         0x800'2651   0x6e  Code  Gb  stm32f4xx_hal_tim_ex.o [1]
HAL_TIM_Base_Init        0x800'1ed1   0x1a  Code  Gb  stm32f4xx_hal_tim.o [1]
HAL_TIM_Base_MspInit     0x800'246b   0x26  Code  Gb  tim.o [1]
HAL_TIM_ConfigClockSource
                         0x800'2069   0x90  Code  Gb  stm32f4xx_hal_tim.o [1]
HAL_TIM_MspPostInit      0x800'2491   0x4e  Code  Gb  tim.o [1]
HAL_TIM_PWM_ConfigChannel
                         0x800'1f79   0xbc  Code  Gb  stm32f4xx_hal_tim.o [1]
HAL_TIM_PWM_Init         0x800'1f1f   0x1a  Code  Gb  stm32f4xx_hal_tim.o [1]
HAL_TIM_PWM_Start        0x800'1f39   0x14  Code  Gb  stm32f4xx_hal_tim.o [1]
HardFault_Handler        0x800'3469    0x2  Code  Gb  stm32f4xx_it.o [1]
MX_GPIO_Init             0x800'295d   0xb8  Code  Gb  gpio.o [1]
MX_TIM2_Init             0x800'23c9   0xa2  Code  Gb  tim.o [1]
MemManage_Handler        0x800'346b    0x2  Code  Gb  stm32f4xx_it.o [1]
NMI_Handler              0x800'3467    0x2  Code  Gb  stm32f4xx_it.o [1]
PendSV_Handler           0x800'3475    0x2  Code  Gb  stm32f4xx_it.o [1]
Region$$Table$$Base      0x800'3414          --   Gb  - Linker created -
Region$$Table$$Limit     0x800'3434          --   Gb  - Linker created -
SVC_Handler              0x800'3471    0x2  Code  Gb  stm32f4xx_it.o [1]
SysTick_Handler          0x800'3477    0x4  Code  Gb  stm32f4xx_it.o [1]
SystemClock_Config       0x800'2593   0x96  Code  Gb  main.o [1]
SystemCoreClock         0x2000'000c    0x4  Data  Gb  system_stm32f4xx.o [1]
SystemInit               0x800'339d   0x14  Code  Gb  system_stm32f4xx.o [1]
TIM_Base_SetConfig       0x800'2123   0x96  Code  Gb  stm32f4xx_hal_tim.o [1]
TIM_CCxChannelCmd        0x800'23ab   0x16  Code  Gb  stm32f4xx_hal_tim.o [1]
TIM_ETR_SetConfig        0x800'2397   0x14  Code  Gb  stm32f4xx_hal_tim.o [1]
TIM_ITRx_SetConfig       0x800'2387   0x10  Code  Lc  stm32f4xx_hal_tim.o [1]
TIM_OC1_SetConfig        0x800'21b9   0x58  Code  Lc  stm32f4xx_hal_tim.o [1]
TIM_OC2_SetConfig        0x800'2211   0x60  Code  Gb  stm32f4xx_hal_tim.o [1]
TIM_OC3_SetConfig        0x800'2271   0x5e  Code  Lc  stm32f4xx_hal_tim.o [1]
TIM_OC4_SetConfig        0x800'22cf   0x46  Code  Lc  stm32f4xx_hal_tim.o [1]
TIM_TI1_ConfigInputStage
                         0x800'2345   0x1e  Code  Lc  stm32f4xx_hal_tim.o [1]
TIM_TI2_ConfigInputStage
                         0x800'2363   0x24  Code  Lc  stm32f4xx_hal_tim.o [1]
UsageFault_Handler       0x800'346f    0x2  Code  Gb  stm32f4xx_it.o [1]
_Encoding_8859_1_Mbrlen
                         0x800'132d    0x2  Code  Gb  xencoding_8859_1.o [2]
_Encoding_8859_1_Wctomb
                         0x800'131b   0x12  Code  Gb  xencoding_8859_1.o [2]
_LitobFull               0x800'109b  0x10a  Code  Lc  xprintffull.o [2]
_Locale_lconv           0x2000'0010   0x38  Data  Lc  xlocale_c.o [2]
_PrintfFull              0x800'0189  0xcc2  Code  Gb  xprintffull.o [2]
_PutcharsFull            0x800'120d   0x2e  Code  Lc  xprintffull.o [2]
_PutstrFull              0x800'0fdb   0xc0  Code  Lc  xprintffull.o [2]
_PuttxtFull              0x800'0ecf  0x10c  Code  Lc  xprintffull.o [2]
_SProut                  0x800'13af    0xa  Code  Gb  xsprout.o [2]
__NVIC_SetPriority       0x800'31f5   0x1a  Code  Lc  stm32f4xx_hal_cortex.o [1]
__aeabi_cdcmple          0x800'1529         Code  Gb  DblCmpLe.o [3]
__aeabi_cdrcmple         0x800'1559         Code  Gb  DblCmpGe.o [3]
__aeabi_d2iz             0x800'16c5         Code  Gb  DblToS32.o [3]
__aeabi_d2uiz            0x800'1a51         Code  Gb  DblToU32.o [3]
__aeabi_ddiv             0x800'1809         Code  Gb  DblDiv.o [3]
__aeabi_dmul             0x800'1a95         Code  Gb  DblMul.o [3]
__aeabi_dsub             0x800'1725         Code  Gb  DblSub.o [3]
__aeabi_i2d              0x800'1701         Code  Gb  S32ToDbl.o [3]
__aeabi_ldiv0            0x800'1eb9         Code  Gb  I64DivZer.o [4]
__aeabi_memcpy           0x800'1411         Code  Gb  ABImemcpy.o [4]
__aeabi_memcpy4          0x800'1431         Code  Gb  ABImemcpy.o [4]
__aeabi_memcpy8          0x800'1431         Code  Gb  ABImemcpy.o [4]
__aeabi_memset           0x800'28c1         Code  Gb  ABImemset.o [4]
__aeabi_ui2d             0x800'1a79         Code  Gb  U32ToDbl.o [3]
__cmain                  0x800'3435         Code  Gb  cmain.o [4]
__exit                   0x800'1ebd   0x14  Code  Gb  exit.o [5]
__iar_Fail_s             0x800'1339   0x1c  Code  Gb  xfail_s.o [2]
__iar_Mbcurmax           0x800'1c37    0xa  Code  Gb  xmbcurmax.o [2]
__iar_Memchr             0x800'13b9         Code  Gb  memchr.o [4]
__iar_Memset             0x800'28c1         Code  Gb  ABImemset.o [4]
__iar_Memset_word        0x800'28c9         Code  Gb  ABImemset.o [4]
__iar_Strchr             0x800'1305         Code  Gb  strchr.o [4]
__iar_dadd               0x800'1735         Code  Gb  DblSub.o [3]
__iar_data_init3         0x800'33c9   0x28  Code  Gb  data_init.o [4]
__iar_dsub               0x800'1d4d         Code  Gb  DblAdd.o [3]
__iar_dsubStart          0x800'1d5f         Code  Gb  DblAdd.o [3]
__iar_frexp              0x800'14c5         Code  Gb  frexp.o [3]
__iar_frexpl             0x800'14c5         Code  Gb  frexp.o [3]
__iar_globLocale        0x2000'0048   0x48  Data  Lc  xlocale_c.o [2]
__iar_global_Locale      0x800'1289    0x4  Code  Gb  xlocale_c.o [2]
__iar_init_vfp           0x800'33f1         Code  Gb  fpinit_M.o [3]
__iar_ldexp64            0x800'1589         Code  Gb  ldexp.o [3]
__iar_lz77_init_single3
                         0x800'3325   0x78  Code  Gb  lz77_init_single.o [4]
__iar_program_start      0x800'349d         Code  Gb  cstartup_M.o [4]
__iar_scalbln64          0x800'1589         Code  Gb  ldexp.o [3]
__iar_scalbn64           0x800'1589         Code  Gb  ldexp.o [3]
__iar_small_uldivmod     0x800'1c41         Code  Gb  I64DivMod_small.o [4]
__iar_softfp___iar_frexp64
                         0x800'14b9         Code  Gb  frexp.o [3]
__iar_softfp_frexp       0x800'14b9         Code  Gb  frexp.o [3]
__iar_softfp_frexpl      0x800'14b9         Code  Gb  frexp.o [3]
__iar_zero_init3         0x800'124f   0x3a  Code  Gb  zero_init3.o [4]
__low_level_init         0x800'3453    0x4  Code  Gb  low_level_init.o [2]
__vector_table           0x800'0000         Data  Gb  startup_stm32f405xx.o [1]
_call_main               0x800'3441         Code  Gb  cmain.o [4]
_exit                    0x800'345d         Code  Gb  cexit.o [4]
_gLocale_mblen           0x800'12f1    0x4  Code  Gb  xlocale_c.o [2]
_gLocale_mblenInt        0x800'12b5   0x2c  Code  Gb  xlocale_c.o [2]
_gLocale_wctomb          0x800'12f5    0x4  Code  Gb  xlocale_c.o [2]
_gLocale_wctombInt       0x800'12ed    0x4  Code  Gb  xlocale_c.o [2]
_main                    0x800'344f         Code  Gb  cmain.o [4]
abort                    0x800'1d47    0x6  Code  Gb  abort.o [2]
exit                     0x800'3457    0x4  Code  Gb  exit.o [2]
htim2                   0x2000'0090   0x40  Data  Gb  tim.o [1]
lcdControlWrite          0x800'2be3    0xc  Code  Gb  lcd.o [1]
lcdDataWrite             0x800'2bef   0x12  Code  Gb  lcd.o [1]
lcdGotoXY                0x800'2ca7   0x1e  Code  Gb  lcd.o [1]
lcdInit                  0x800'2c75   0x32  Code  Gb  lcd.o [1]
lcdInitHW                0x800'2b81   0x62  Code  Gb  lcd.o [1]
lcdPrint                 0x800'2ce1   0x1a  Code  Gb  lcd.o [1]
lcdPrintData             0x800'2cc5   0x1c  Code  Gb  lcd.o [1]
lcdmDelay                0x800'2b63   0x1e  Code  Lc  lcd.o [1]
lcduDelay                0x800'2a15  0x14e  Code  Lc  lcd.o [1]
ldexp                    0x800'1589         Code  Gb  ldexp.o [3]
ldexpl                   0x800'1589         Code  Gb  ldexp.o [3]
localeconv               0x800'12f9    0x4  Code  Gb  xlocale_c.o [2]
main                     0x800'2509   0x8a  Code  Gb  main.o [1]
memchr                   0x800'13b9         Code  Gb  memchr.o [4]
memset                   0x800'24f3   0x14  Code  Gb  memset.o [4]
scalbln                  0x800'1589         Code  Gb  ldexp.o [3]
scalblnl                 0x800'1589         Code  Gb  ldexp.o [3]
scalbn                   0x800'1589         Code  Gb  ldexp.o [3]
scalbnl                  0x800'1589         Code  Gb  ldexp.o [3]
scale                    0x800'11a5   0x46  Code  Lc  xprintffull.o [2]
sec_hand                0x2000'00dc    0x4  Data  Lc  xfail_s.o [2]
sprintf                  0x800'2cfd   0x40  Code  Gb  sprintf.o [2]
str                     0x2000'00d0    0xc  Data  Gb  main.o [1]
strchr                   0x800'1305         Code  Gb  strchr.o [4]
strlen                   0x800'1379         Code  Gb  strlen.o [4]
uwTick                  0x2000'0004    0x4  Data  Gb  stm32f4xx_hal.o [1]
uwTickFreq              0x2000'0000    0x1  Data  Gb  stm32f4xx_hal.o [1]
uwTickPrio              0x2000'0008    0x4  Data  Gb  stm32f4xx_hal.o [1]


[1] = H:\arm_yj\pwm_mot_lcd\EWARM\pwm_mot_lcd\Obj
[2] = dl7M_tlf.a
[3] = m7M_tls.a
[4] = rt7M_tl.a
[5] = shb_l.a

  13'753 bytes of readonly  code memory
      92 bytes of readonly  data memory
   1'248 bytes of readwrite data memory

Errors: none
Warnings: none
